###############################################################################
#
# IAR ELF Linker V7.20.2.7424/W32 for ARM                 06/May/2017  16:29:42
# Copyright 2007-2014 IAR Systems AB.
#
#    Output file  =  
#        D:\Documents\GitHub\5-5eie\5_course\firmware_mpgl1\iar_7_20_1\Debug\Exe\mpgl1.out
#    Map file     =  
#        D:\Documents\GitHub\5-5eie\5_course\firmware_mpgl1\iar_7_20_1\Debug\List\mpgl1.map
#    Command line =  
#        D:\Documents\GitHub\5-5eie\5_course\firmware_mpgl1\iar_7_20_1\Debug\Obj\adc12.o
#        D:\Documents\GitHub\5-5eie\5_course\firmware_mpgl1\iar_7_20_1\Debug\Obj\ant.o
#        D:\Documents\GitHub\5-5eie\5_course\firmware_mpgl1\iar_7_20_1\Debug\Obj\ant_api.o
#        D:\Documents\GitHub\5-5eie\5_course\firmware_mpgl1\iar_7_20_1\Debug\Obj\board_cstartup_iar.o
#        D:\Documents\GitHub\5-5eie\5_course\firmware_mpgl1\iar_7_20_1\Debug\Obj\buttons.o
#        D:\Documents\GitHub\5-5eie\5_course\firmware_mpgl1\iar_7_20_1\Debug\Obj\core_cm3.o
#        D:\Documents\GitHub\5-5eie\5_course\firmware_mpgl1\iar_7_20_1\Debug\Obj\debug.o
#        D:\Documents\GitHub\5-5eie\5_course\firmware_mpgl1\iar_7_20_1\Debug\Obj\exceptions.o
#        D:\Documents\GitHub\5-5eie\5_course\firmware_mpgl1\iar_7_20_1\Debug\Obj\interrupts.o
#        D:\Documents\GitHub\5-5eie\5_course\firmware_mpgl1\iar_7_20_1\Debug\Obj\lcd_nhd-c0220biz.o
#        D:\Documents\GitHub\5-5eie\5_course\firmware_mpgl1\iar_7_20_1\Debug\Obj\leds.o
#        D:\Documents\GitHub\5-5eie\5_course\firmware_mpgl1\iar_7_20_1\Debug\Obj\main.o
#        D:\Documents\GitHub\5-5eie\5_course\firmware_mpgl1\iar_7_20_1\Debug\Obj\messaging.o
#        D:\Documents\GitHub\5-5eie\5_course\firmware_mpgl1\iar_7_20_1\Debug\Obj\mpgl1-ehdw-03.o
#        D:\Documents\GitHub\5-5eie\5_course\firmware_mpgl1\iar_7_20_1\Debug\Obj\sam3u_i2c.o
#        D:\Documents\GitHub\5-5eie\5_course\firmware_mpgl1\iar_7_20_1\Debug\Obj\sam3u_ssp.o
#        D:\Documents\GitHub\5-5eie\5_course\firmware_mpgl1\iar_7_20_1\Debug\Obj\sam3u_uart.o
#        D:\Documents\GitHub\5-5eie\5_course\firmware_mpgl1\iar_7_20_1\Debug\Obj\sdcard.o
#        D:\Documents\GitHub\5-5eie\5_course\firmware_mpgl1\iar_7_20_1\Debug\Obj\timer.o
#        D:\Documents\GitHub\5-5eie\5_course\firmware_mpgl1\iar_7_20_1\Debug\Obj\user_app1.o
#        D:\Documents\GitHub\5-5eie\5_course\firmware_mpgl1\iar_7_20_1\Debug\Obj\user_app2.o
#        D:\Documents\GitHub\5-5eie\5_course\firmware_mpgl1\iar_7_20_1\Debug\Obj\user_app3.o
#        D:\Documents\GitHub\5-5eie\5_course\firmware_mpgl1\iar_7_20_1\Debug\Obj\utilities.o
#        --redirect _Printf=_PrintfTiny --redirect _Scanf=_ScanfSmallNoMb -o
#        D:\Documents\GitHub\5-5eie\5_course\firmware_mpgl1\iar_7_20_1\Debug\Exe\mpgl1.out
#        --map
#        D:\Documents\GitHub\5-5eie\5_course\firmware_mpgl1\iar_7_20_1\Debug\List\mpgl1.map
#        --log initialization,modules,sections --log_file
#        D:\Documents\GitHub\5-5eie\5_course\firmware_mpgl1\iar_7_20_1\Debug\List\mpgl1.log
#        --config
#        D:\Documents\GitHub\5-5eie\5_course\firmware_mpgl1\iar_7_20_1\..\..\firmware_mpg_common\sam3u2-flash.icf
#        --semihosting --entry __iar_program_start --vfe
#
###############################################################################

*******************************************************************************
*** RUNTIME MODEL ATTRIBUTES
***

CppFlavor       = *
__Heap_Handler  = DLMalloc
__SystemLibrary = DLib


*******************************************************************************
*** PLACEMENT SUMMARY
***

"A1":  place at 0x00080000 { ro section .intvec };
"P1":  place in [from 0x00080000 to 0x0009ffff] { ro };
"P2":  place in [from 0x20000000 to 0x20003fff] { rw, block CSTACK };
"P3":  place in [from 0x20080000 to 0x20083fff] { block HEAP };

  Section            Kind        Address    Size  Object
  -------            ----        -------    ----  ------
"A1":                                       0xbc
  .intvec                     0x00080000    0xbc  <Block>
    .intvec          const    0x00080000    0xbc  board_cstartup_iar.o [1]
                            - 0x000800bc    0xbc

"P1":                                     0x5f38
  .text              ro code  0x000800bc  0x1500  dlmalloc.o [3]
  .text              ro code  0x000815bc     0x6  abort.o [3]
  .text              ro code  0x000815c2    0x3a  exceptions.o [1]
  .text              ro code  0x000815fc    0x2c  xgetmemchunk.o [3]
  .text              ro code  0x00081628    0x14  exit.o [5]
  .text              ro code  0x0008163c   0xe62  ant.o [1]
  .text              ro code  0x0008249e    0x2e  copy_init3.o [4]
  .text              ro code  0x000824cc    0x3c  utilities.o [1]
  .text              ro code  0x00082508    0x76  ABImemcpy_unaligned.o [4]
  .text              ro code  0x0008257e    0x22  zero_init3.o [4]
  .text              ro code  0x000825a0   0x758  debug.o [1]
  .text              ro code  0x00082cf8   0x8d0  sam3u_ssp.o [1]
  .text              ro code  0x000835c8   0x29c  messaging.o [1]
  .text              ro code  0x00083864   0x578  sam3u_uart.o [1]
  .text              ro code  0x00083ddc   0x324  leds.o [1]
  .text              ro code  0x00084100    0x66  ABImemset.o [4]
  .rodata            const    0x00084166     0x2  debug.o [1]
  .text              ro code  0x00084168   0x7f0  sam3u_i2c.o [1]
  .text              ro code  0x00084958   0x3e4  mpgl1-ehdw-03.o [1]
  .text              ro code  0x00084d3c   0x294  buttons.o [1]
  .text              ro code  0x00084fd0   0x1c4  interrupts.o [1]
  .text              ro code  0x00085194   0x16c  user_app1.o [1]
  .text              ro code  0x00085300   0x142  adc12.o [1]
  .text              ro code  0x00085442     0x2  timer.o [1]
  .text              ro code  0x00085444    0xfe  timer.o [1]
  .text              ro code  0x00085544    0xdc  main.o [1]
  .text              ro code  0x00085620    0xda  lcd_nhd-c0220biz.o [1]
  .text              ro code  0x000856fc    0xc0  sdcard.o [1]
  .text              ro code  0x000857bc    0x1a  user_app2.o [1]
  .text              ro code  0x000857d8    0x1a  user_app3.o [1]
  .rodata            const    0x000857f4    0x50  debug.o [1]
  .rodata            const    0x00085844    0x48  debug.o [1]
  .rodata            const    0x0008588c    0x2c  ant.o [1]
  .text              ro code  0x000858b8    0x28  data_init.o [4]
  .rodata            const    0x000858e0    0x24  ant.o [1]
  .rodata            const    0x00085904    0x24  debug.o [1]
  .rodata            const    0x00085928    0x24  debug.o [1]
  .rodata            const    0x0008594c    0x24  debug.o [1]
  .rodata            const    0x00085970    0x24  debug.o [1]
  .rodata            const    0x00085994    0x24  debug.o [1]
  .rodata            const    0x000859b8    0x24  debug.o [1]
  .rodata            const    0x000859dc    0x24  debug.o [1]
  .rodata            const    0x00085a00    0x24  debug.o [1]
  .rodata            const    0x00085a24    0x24  debug.o [1]
  .iar.init_table    const    0x00085a48    0x24  - Linker created -
  .rodata            const    0x00085a6c    0x20  interrupts.o [1]
  .rodata            const    0x00085a8c    0x20  sam3u_uart.o [1]
  .rodata            const    0x00085aac    0x1c  adc12.o [1]
  .rodata            const    0x00085ac8    0x1c  ant.o [1]
  .rodata            const    0x00085ae4    0x1c  debug.o [1]
  .text              ro code  0x00085b00    0x1a  cmain.o [4]
  .text              ro code  0x00085b1c    0x14  board_cstartup_iar.o [1]
  .text              ro code  0x00085b30     0x4  exit.o [3]
  .text              ro code  0x00085b34     0xa  cexit.o [4]
  .rodata            const    0x00085b40    0x18  ant.o [1]
  .rodata            const    0x00085b58    0x18  ant.o [1]
  .rodata            const    0x00085b70    0x18  lcd_nhd-c0220biz.o [1]
  .rodata            const    0x00085b88    0x18  sdcard.o [1]
  .rodata            const    0x00085ba0    0x18  timer.o [1]
  .rodata            const    0x00085bb8    0x14  ant.o [1]
  .rodata            const    0x00085bcc    0x14  ant.o [1]
  .rodata            const    0x00085be0    0x14  ant.o [1]
  .rodata            const    0x00085bf4    0x14  ant.o [1]
  .rodata            const    0x00085c08    0x14  debug.o [1]
  .rodata            const    0x00085c1c    0x10  buttons.o [1]
  .rodata            const    0x00085c2c     0xc  debug.o [1]
  .rodata            const    0x00085c38     0xc  debug.o [1]
  .text              ro code  0x00085c44     0xc  cstartup_M.o [4]
  .rodata            const    0x00085c50     0x8  ant.o [1]
  .rodata            const    0x00085c58     0x8  lcd_nhd-c0220biz.o [1]
  .rodata            const    0x00085c60     0x0  zero_init3.o [4]
  .rodata            const    0x00085c60     0x0  copy_init3.o [4]
  Initializer bytes  ro data  0x00085c60   0x394  <for P2 s0>
                            - 0x00085ff4  0x5f38

"P2":                                     0x2aa8
  P2 s0                       0x20000000   0x394  <Init block>
    .data            inited   0x20000000    0x70  leds.o [1]
    .data            inited   0x20000070    0x50  ant.o [1]
    .data            inited   0x200000c0    0x44  debug.o [1]
    .data            inited   0x20000104    0x40  ant.o [1]
    .data            inited   0x20000144    0x40  debug.o [1]
    .data            inited   0x20000184    0x2c  leds.o [1]
    .data            inited   0x200001b0    0x20  ant.o [1]
    .data            inited   0x200001d0    0x20  ant.o [1]
    .data            inited   0x200001f0    0x20  debug.o [1]
    .data            inited   0x20000210    0x20  mpgl1-ehdw-03.o [1]
    .data            inited   0x20000230    0x1c  ant.o [1]
    .data            inited   0x2000024c    0x18  ant.o [1]
    .data            inited   0x20000264    0x18  ant.o [1]
    .data            inited   0x2000027c    0x18  debug.o [1]
    .data            inited   0x20000294    0x18  leds.o [1]
    .data            inited   0x200002ac    0x18  sam3u_ssp.o [1]
    .data            inited   0x200002c4    0x18  sam3u_ssp.o [1]
    .data            inited   0x200002dc    0x14  ant.o [1]
    .data            inited   0x200002f0    0x14  ant.o [1]
    .data            inited   0x20000304    0x14  ant.o [1]
    .data            inited   0x20000318    0x14  buttons.o [1]
    .data            inited   0x2000032c    0x14  debug.o [1]
    .data            inited   0x20000340    0x10  ant.o [1]
    .data            inited   0x20000350     0x8  ant.o [1]
    .data            inited   0x20000358     0x8  ant.o [1]
    .data            inited   0x20000360     0x8  buttons.o [1]
    .data            inited   0x20000368     0x8  debug.o [1]
    .data            inited   0x20000370     0x8  utilities.o [1]
    .data            inited   0x20000378     0x8  utilities.o [1]
    .data            inited   0x20000380     0x4  adc12.o [1]
    .data            inited   0x20000384     0x4  debug.o [1]
    .data            inited   0x20000388     0x4  messaging.o [1]
    .data            inited   0x2000038c     0x4  user_app1.o [1]
    .data            inited   0x20000390     0x2  interrupts.o [1]
  .bss               zero     0x20000394   0x900  messaging.o [1]
  .bss               zero     0x20000c94   0x300  messaging.o [1]
  .bss               zero     0x20000f94   0x224  sdcard.o [1]
  .bss               zero     0x200011b8   0x1d8  dlmalloc.o [3]
  .bss               zero     0x20001390   0x100  ant.o [1]
  .bss               zero     0x20001490   0x100  sam3u_i2c.o [1]
  .bss               zero     0x20001590    0x80  debug.o [1]
  .bss               zero     0x20001610    0x80  debug.o [1]
  .bss               zero     0x20001690    0x80  sam3u_ssp.o [1]
  .bss               zero     0x20001710    0x40  debug.o [1]
  .bss               zero     0x20001750    0x34  sam3u_ssp.o [1]
  .bss               zero     0x20001784    0x34  sam3u_ssp.o [1]
  .bss               zero     0x200017b8    0x34  sam3u_ssp.o [1]
  .bss               zero     0x200017ec    0x24  ant.o [1]
  .bss               zero     0x20001810    0x24  sam3u_uart.o [1]
  .bss               zero     0x20001834    0x24  sam3u_uart.o [1]
  .bss               zero     0x20001858    0x24  sam3u_uart.o [1]
  .bss               zero     0x2000187c    0x24  sam3u_uart.o [1]
  .bss               zero     0x200018a0    0x24  sdcard.o [1]
  .bss               zero     0x200018c4    0x20  adc12.o [1]
  .bss               zero     0x200018e4    0x18  dlmalloc.o [3]
  .bss               zero     0x200018fc    0x10  buttons.o [1]
  .bss               zero     0x2000190c    0x10  buttons.o [1]
  .bss               zero     0x2000191c    0x10  sam3u_i2c.o [1]
  .bss               zero     0x2000192c     0xc  ant.o [1]
  .bss               zero     0x20001938     0xc  ant.o [1]
  .bss               zero     0x20001944     0x4  adc12.o [1]
  .bss               zero     0x20001948     0x4  ant.o [1]
  .bss               zero     0x2000194c     0x4  ant.o [1]
  .bss               zero     0x20001950     0x4  ant.o [1]
  .bss               zero     0x20001954     0x4  ant.o [1]
  .bss               zero     0x20001958     0x4  ant.o [1]
  .bss               zero     0x2000195c     0x4  ant.o [1]
  .bss               zero     0x20001960     0x4  ant.o [1]
  .bss               zero     0x20001964     0x4  ant.o [1]
  .bss               zero     0x20001968     0x4  ant.o [1]
  .bss               zero     0x2000196c     0x4  ant.o [1]
  .bss               zero     0x20001970     0x4  ant.o [1]
  .bss               zero     0x20001974     0x4  ant.o [1]
  .bss               zero     0x20001978     0x4  ant.o [1]
  .bss               zero     0x2000197c     0x4  ant.o [1]
  .bss               zero     0x20001980     0x4  ant.o [1]
  .bss               zero     0x20001984     0x4  ant.o [1]
  .bss               zero     0x20001988     0x4  ant.o [1]
  .bss               zero     0x2000198c     0x4  ant.o [1]
  .bss               zero     0x20001990     0x4  ant.o [1]
  .bss               zero     0x20001994     0x4  buttons.o [1]
  .bss               zero     0x20001998     0x4  buttons.o [1]
  .bss               zero     0x2000199c     0x4  buttons.o [1]
  .bss               zero     0x200019a0     0x4  buttons.o [1]
  .bss               zero     0x200019a4     0x4  buttons.o [1]
  .bss               zero     0x200019a8     0x4  debug.o [1]
  .bss               zero     0x200019ac     0x4  debug.o [1]
  .bss               zero     0x200019b0     0x4  debug.o [1]
  .bss               zero     0x200019b4     0x4  debug.o [1]
  .bss               zero     0x200019b8     0x4  debug.o [1]
  .bss               zero     0x200019bc     0x4  debug.o [1]
  .bss               zero     0x200019c0     0x4  debug.o [1]
  .bss               zero     0x200019c4     0x4  lcd_nhd-c0220biz.o [1]
  .bss               zero     0x200019c8     0x4  lcd_nhd-c0220biz.o [1]
  .bss               zero     0x200019cc     0x4  main.o [1]
  .bss               zero     0x200019d0     0x4  main.o [1]
  .bss               zero     0x200019d4     0x4  messaging.o [1]
  .bss               zero     0x200019d8     0x4  messaging.o [1]
  .bss               zero     0x200019dc     0x4  messaging.o [1]
  .bss               zero     0x200019e0     0x4  messaging.o [1]
  .bss               zero     0x200019e4     0x4  mpgl1-ehdw-03.o [1]
  .bss               zero     0x200019e8     0x4  mpgl1-ehdw-03.o [1]
  .bss               zero     0x200019ec     0x4  mpgl1-ehdw-03.o [1]
  .bss               zero     0x200019f0     0x4  mpgl1-ehdw-03.o [1]
  .bss               zero     0x200019f4     0x4  sam3u_i2c.o [1]
  .bss               zero     0x200019f8     0x4  sam3u_i2c.o [1]
  .bss               zero     0x200019fc     0x4  sam3u_i2c.o [1]
  .bss               zero     0x20001a00     0x4  sam3u_i2c.o [1]
  .bss               zero     0x20001a04     0x4  sam3u_i2c.o [1]
  .bss               zero     0x20001a08     0x4  sam3u_i2c.o [1]
  .bss               zero     0x20001a0c     0x4  sam3u_ssp.o [1]
  .bss               zero     0x20001a10     0x4  sam3u_ssp.o [1]
  .bss               zero     0x20001a14     0x4  sam3u_ssp.o [1]
  .bss               zero     0x20001a18     0x4  sam3u_ssp.o [1]
  .bss               zero     0x20001a1c     0x4  sam3u_ssp.o [1]
  .bss               zero     0x20001a20     0x4  sam3u_ssp.o [1]
  .bss               zero     0x20001a24     0x4  sam3u_ssp.o [1]
  .bss               zero     0x20001a28     0x4  sam3u_ssp.o [1]
  .bss               zero     0x20001a2c     0x4  sam3u_ssp.o [1]
  .bss               zero     0x20001a30     0x4  sam3u_ssp.o [1]
  .bss               zero     0x20001a34     0x4  sam3u_ssp.o [1]
  .bss               zero     0x20001a38     0x4  sam3u_uart.o [1]
  .bss               zero     0x20001a3c     0x4  sam3u_uart.o [1]
  .bss               zero     0x20001a40     0x4  sam3u_uart.o [1]
  .bss               zero     0x20001a44     0x4  sam3u_uart.o [1]
  .bss               zero     0x20001a48     0x4  sam3u_uart.o [1]
  .bss               zero     0x20001a4c     0x4  sam3u_uart.o [1]
  .bss               zero     0x20001a50     0x4  sam3u_uart.o [1]
  .bss               zero     0x20001a54     0x4  sam3u_uart.o [1]
  .bss               zero     0x20001a58     0x4  sam3u_uart.o [1]
  .bss               zero     0x20001a5c     0x4  sam3u_uart.o [1]
  .bss               zero     0x20001a60     0x4  sdcard.o [1]
  .bss               zero     0x20001a64     0x4  sdcard.o [1]
  .bss               zero     0x20001a68     0x4  sdcard.o [1]
  .bss               zero     0x20001a6c     0x4  sdcard.o [1]
  .bss               zero     0x20001a70     0x4  timer.o [1]
  .bss               zero     0x20001a74     0x4  timer.o [1]
  .bss               zero     0x20001a78     0x4  timer.o [1]
  .bss               zero     0x20001a7c     0x4  user_app1.o [1]
  .bss               zero     0x20001a80     0x4  user_app1.o [1]
  .bss               zero     0x20001a84     0x4  user_app1.o [1]
  .bss               zero     0x20001a88     0x4  user_app2.o [1]
  .bss               zero     0x20001a8c     0x4  user_app3.o [1]
  .bss               zero     0x20001a90     0x4  xgetmemchunk.o [3]
  .bss               zero     0x20001a94     0x2  debug.o [1]
  .bss               zero     0x20001a96     0x1  adc12.o [1]
  .bss               zero     0x20001a97     0x1  ant.o [1]
  .bss               zero     0x20001a98     0x1  ant.o [1]
  .bss               zero     0x20001a99     0x1  ant.o [1]
  .bss               zero     0x20001a9a     0x1  ant.o [1]
  .bss               zero     0x20001a9b     0x1  debug.o [1]
  .bss               zero     0x20001a9c     0x1  debug.o [1]
  .bss               zero     0x20001a9d     0x1  debug.o [1]
  .bss               zero     0x20001a9e     0x1  messaging.o [1]
  .bss               zero     0x20001a9f     0x1  sam3u_i2c.o [1]
  .bss               zero     0x20001aa0     0x1  sam3u_i2c.o [1]
  .bss               zero     0x20001aa1     0x1  sam3u_i2c.o [1]
  .bss               zero     0x20001aa2     0x1  sam3u_uart.o [1]
  .bss               zero     0x20001aa3     0x1  user_app1.o [1]
  CSTACK                      0x20001aa8  0x1000  <Block>
    CSTACK           uninit   0x20001aa8  0x1000  <Block tail>
                            - 0x20002aa8  0x2aa8

"P3":                                     0x4000
  HEAP                        0x20080000  0x4000  <Block>
    HEAP             uninit   0x20080000  0x4000  <Block tail>
                            - 0x20084000  0x4000


*******************************************************************************
*** INIT TABLE
***

          Address     Size
          -------     ----
Zero (__iar_zero_init3)
    1 destination range, total size 0x1710:
          0x20000394  0x1710

Copy (__iar_copy_init3)
    1 source range, total size 0x394 (100% of destination):
          0x00085c60   0x394
    1 destination range, total size 0x392:
          0x20000000   0x392



*******************************************************************************
*** MODULE SUMMARY
***

    Module                 ro code  ro data  rw data
    ------                 -------  -------  -------
D:\Documents\GitHub\5-5eie\5_course\firmware_mpgl1\iar_7_20_1\Debug\Obj: [1]
    adc12.o                    322       32       41
    ant.o                    3 682      620      772
    board_cstartup_iar.o        20      188
    buttons.o                  660       44       80
    debug.o                  1 880      770      573
    exceptions.o                58
    interrupts.o               452       34        2
    lcd_nhd-c0220biz.o         218       32        8
    leds.o                     804      180      180
    main.o                     220                 8
    messaging.o                668        4    3 093
    mpgl1-ehdw-03.o            996       32       48
    sam3u_i2c.o              2 032               299
    sam3u_ssp.o              2 256       48      376
    sam3u_uart.o             1 400       32      185
    sdcard.o                   192       24      600
    timer.o                    256       24       12
    user_app1.o                364        4       17
    user_app2.o                 26                 4
    user_app3.o                 26                 4
    utilities.o                 60       16       16
    ------------------------------------------------
    Total:                  16 592    2 084    6 318

command line: [2]
    ------------------------------------------------
    Total:

dl7M_tln.a: [3]
    abort.o                      6
    dlmalloc.o               5 376               496
    exit.o                       4
    xgetmemchunk.o              44                 4
    ------------------------------------------------
    Total:                   5 430               500

rt7M_tl.a: [4]
    ABImemcpy_unaligned.o      118
    ABImemset.o                102
    cexit.o                     10
    cmain.o                     26
    copy_init3.o                46
    cstartup_M.o                12
    data_init.o                 40
    zero_init3.o                34
    ------------------------------------------------
    Total:                     388

shb_l.a: [5]
    exit.o                      20
    ------------------------------------------------
    Total:                      20

    Gaps                         8        4
    Linker created                       38   20 480
----------------------------------------------------
    Grand Total:            22 438    2 126   27 298


*******************************************************************************
*** ENTRY LIST
***

Entry                      Address   Size  Type      Object
-----                      -------   ----  ----      ------
.intvec$$Base           0x00080000          --   Gb  - Linker created -
.intvec$$Limit          0x000800bc          --   Gb  - Linker created -
?main                   0x00085b01         Code  Gb  cmain.o [4]
ADCC0_IrqHandler        0x0008539f   0x5e  Code  Gb  adc12.o [1]
ADCC1_IrqHandler        0x000815f7    0x2  Code  Wk  exceptions.o [1]
Adc12DefaultCallback    0x0008539d    0x2  Code  Gb  adc12.o [1]
Adc12Initialize         0x00085329   0x6a  Code  Gb  adc12.o [1]
Adc12RunActiveState     0x00085393    0xa  Code  Gb  adc12.o [1]
Adc12SM_Idle            0x00085441    0x2  Code  Lc  adc12.o [1]
Adc12_StateMachine      0x20001944    0x4  Data  Lc  adc12.o [1]
Adc12_aeChannels        0x20000380    0x4  Data  Lc  adc12.o [1]
Adc12_afCallbacks       0x200018c4   0x20  Data  Lc  adc12.o [1]
Adc12_bAdcAvailable     0x20001a96    0x1  Data  Lc  adc12.o [1]
AddNewMessageStatus     0x000837e9   0x34  Code  Lc  messaging.o [1]
AdvanceAntRxBufferCurrentChar
                        0x000819bd   0x28  Code  Lc  ant.o [1]
AdvanceAntRxBufferUnreadMsgPointer
                        0x000819e5   0x28  Code  Lc  ant.o [1]
AntAbortMessage         0x00081991   0x2c  Code  Lc  ant.o [1]
AntCalculateTxChecksum  0x00081e77   0x24  Code  Gb  ant.o [1]
AntDeQueueOutgoingMessage
                        0x0008224f   0x22  Code  Lc  ant.o [1]
AntExpectResponse       0x00081d35   0xe4  Code  Gb  ant.o [1]
AntInitialize           0x00081a0d  0x190  Code  Gb  ant.o [1]
AntProcessMessage       0x00081ea5  0x2a4  Code  Lc  ant.o [1]
AntQueueApplicationMessage
                        0x000821a9   0xa6  Code  Lc  ant.o [1]
AntRunActiveState       0x00081b9d    0xc  Code  Gb  ant.o [1]
AntRxFlowControlCallback
                        0x00081e31   0x46  Code  Gb  ant.o [1]
AntRxMessage            0x0008174d  0x244  Code  Lc  ant.o [1]
AntSM_Idle              0x00082295   0x96  Code  Gb  ant.o [1]
AntSM_NoResponse        0x0008249d    0x2  Code  Gb  ant.o [1]
AntSM_ReceiveMessage    0x00082331   0x18  Code  Gb  ant.o [1]
AntSM_TransmitMessage   0x00082355   0x76  Code  Gb  ant.o [1]
AntSrdyPulse            0x00081723   0x2a  Code  Lc  ant.o [1]
AntSyncSerialInitialize
                        0x0008163d   0xe6  Code  Lc  ant.o [1]
AntTick                 0x00082151   0x42  Code  Lc  ant.o [1]
AntTxFlowControlCallback
                        0x00081e19   0x16  Code  Gb  ant.o [1]
AntTxMessage            0x00081ba9  0x18c  Code  Gb  ant.o [1]
Ant_DebugProcessRxMessages
                        0x20001990    0x4  Data  Lc  ant.o [1]
Ant_DebugRxMessageCounter
                        0x20001988    0x4  Data  Lc  ant.o [1]
Ant_DebugTotalRxMessages
                        0x2000198c    0x4  Data  Lc  ant.o [1]
Ant_Ssp                 0x20001970    0x4  Data  Lc  ant.o [1]
Ant_au8AntRxBuffer      0x20001390  0x100  Data  Lc  ant.o [1]
Ant_pfnStateMachine     0x20001950    0x4  Data  Lc  ant.o [1]
Ant_psDataOutgoingMsgList
                        0x20001984    0x4  Data  Lc  ant.o [1]
Ant_pu8AntRxBufferCurrentChar
                        0x20001978    0x4  Data  Lc  ant.o [1]
Ant_pu8AntRxBufferNextChar
                        0x20001974    0x4  Data  Lc  ant.o [1]
Ant_pu8AntRxBufferUnreadMsg
                        0x2000197c    0x4  Data  Lc  ant.o [1]
Ant_sSspConfig          0x200017ec   0x24  Data  Lc  ant.o [1]
Ant_u32ApplicationMessageCount
                        0x20001980    0x4  Data  Lc  ant.o [1]
Ant_u32CurrentTxMessageToken
                        0x2000196c    0x4  Data  Lc  ant.o [1]
Ant_u32RxByteCounter    0x20001960    0x4  Data  Lc  ant.o [1]
Ant_u32RxTimeoutCounter
                        0x20001964    0x4  Data  Lc  ant.o [1]
Ant_u32RxTimer          0x20001954    0x4  Data  Lc  ant.o [1]
Ant_u32TxByteCounter    0x2000195c    0x4  Data  Lc  ant.o [1]
Ant_u32TxTimer          0x20001958    0x4  Data  Lc  ant.o [1]
Ant_u32UnexpectedByteCounter
                        0x20001968    0x4  Data  Lc  ant.o [1]
Ant_u8AntNewRxMessages  0x20001a97    0x1  Data  Lc  ant.o [1]
Ant_u8AntVersion        0x20001938    0xc  Data  Lc  ant.o [1]
Ant_u8SlaveMissedMessageHigh
                        0x20001a98    0x1  Data  Lc  ant.o [1]
Ant_u8SlaveMissedMessageLow
                        0x20001a9a    0x1  Data  Lc  ant.o [1]
Ant_u8SlaveMissedMessageMid
                        0x20001a99    0x1  Data  Lc  ant.o [1]
Bsp_u32TimingViolationsCounter
                        0x200019ec    0x4  Data  Lc  mpgl1-ehdw-03.o [1]
BusFault_Handler        0x000815c9    0x2  Code  Wk  exceptions.o [1]
ButtonAcknowledge       0x00084d77    0x8  Code  Gb  buttons.o [1]
ButtonInitialize        0x00084d7f   0xb0  Code  Gb  buttons.o [1]
ButtonRunActiveState    0x00084e2f    0xa  Code  Gb  buttons.o [1]
ButtonSM_ButtonActive   0x00084e81   0xfc  Code  Lc  buttons.o [1]
ButtonSM_Idle           0x00084e61   0x20  Code  Lc  buttons.o [1]
Button_abNewPress       0x200019a4    0x4  Data  Lc  buttons.o [1]
Button_aeCurrentState   0x2000199c    0x4  Data  Lc  buttons.o [1]
Button_aeNewState       0x200019a0    0x4  Data  Lc  buttons.o [1]
Button_au32ButtonPins   0x00085c1c   0x10  Data  Lc  buttons.o [1]
Button_au32HoldTimeStart
                        0x2000190c   0x10  Data  Lc  buttons.o [1]
Button_pfnStateMachine  0x20001998    0x4  Data  Lc  buttons.o [1]
Buttons_asArray         0x20000360    0x8  Data  Lc  buttons.o [1]
CSTACK$$Base            0x20001aa8          --   Gb  - Linker created -
CSTACK$$Limit           0x20002aa8          --   Gb  - Linker created -
ClockSetup              0x00084959   0x80  Code  Gb  mpgl1-ehdw-03.o [1]
DBGU_IrqHandler         0x00083b61   0x1e  Code  Gb  sam3u_uart.o [1]
DeQueueMessage          0x000836fb   0x56  Code  Gb  messaging.o [1]
DebugCommandDummy       0x00082893   0x1a  Code  Lc  debug.o [1]
DebugCommandLedTestToggle
                        0x000828ad   0xb6  Code  Lc  debug.o [1]
DebugCommandPrepareList
                        0x000827f5   0x9e  Code  Lc  debug.o [1]
DebugCommandSysTimeToggle
                        0x000829c9   0x48  Code  Lc  debug.o [1]
DebugInitialize         0x00082705   0xbc  Code  Gb  debug.o [1]
DebugLedTestCharacter   0x00082963   0x66  Code  Lc  debug.o [1]
DebugLineFeed           0x000825c5   0x1c  Code  Gb  debug.o [1]
DebugMon_Handler        0x000815cf    0x2  Code  Wk  exceptions.o [1]
DebugPrintNumber        0x000825e1   0xb0  Code  Gb  debug.o [1]
DebugPrintf             0x000825a1   0x24  Code  Gb  debug.o [1]
DebugRunActiveState     0x000827c1    0xc  Code  Gb  debug.o [1]
DebugRxCallback         0x000827cd   0x28  Code  Gb  debug.o [1]
DebugSM_CheckCmd        0x00082b69   0xb2  Code  Lc  debug.o [1]
DebugSM_Error           0x00082c35   0x34  Code  Lc  debug.o [1]
DebugSM_Idle            0x00082a11  0x158  Code  Lc  debug.o [1]
DebugSM_ProcessCmd      0x00082c1d   0x18  Code  Lc  debug.o [1]
Debug_Uart              0x200019b0    0x4  Data  Lc  debug.o [1]
Debug_au8CommandBuffer  0x20001710   0x40  Data  Lc  debug.o [1]
Debug_au8Commands       0x20000144   0x40  Data  Gb  debug.o [1]
Debug_au8RxBuffer       0x20001610   0x80  Data  Lc  debug.o [1]
Debug_au8StartupMsg     0x200000c0   0x44  Data  Lc  debug.o [1]
Debug_pfnStateMachine   0x200019ac    0x4  Data  Lc  debug.o [1]
Debug_pu8CmdBufferNextChar
                        0x200019c0    0x4  Data  Lc  debug.o [1]
Debug_pu8RxBufferNextChar
                        0x200019b8    0x4  Data  Lc  debug.o [1]
Debug_pu8RxBufferParser
                        0x200019bc    0x4  Data  Lc  debug.o [1]
Debug_u16CommandSize    0x20001a94    0x2  Data  Lc  debug.o [1]
Debug_u32CurrentMessageToken
                        0x200019b4    0x4  Data  Lc  debug.o [1]
Debug_u8Command         0x20001a9d    0x1  Data  Lc  debug.o [1]
Debug_u8ErrorCode       0x20001a9c    0x1  Data  Lc  debug.o [1]
EFC0_IrqHandler         0x000815df    0x2  Code  Wk  exceptions.o [1]
EFC1_IrqHandler         0x000815e1    0x2  Code  Wk  exceptions.o [1]
G_abButtonDebounceActive
                        0x20001994    0x4  Data  Gb  buttons.o [1]
G_au32ButtonDebounceTimeStart
                        0x200018fc   0x10  Data  Gb  buttons.o [1]
G_au8AntMessageAssign   0x200002dc   0x14  Data  Gb  ant.o [1]
G_au8AntMessageClose    0x200002f0   0x14  Data  Gb  ant.o [1]
G_au8AntMessageFail     0x20000358    0x8  Data  Gb  ant.o [1]
G_au8AntMessageInit     0x20000264   0x18  Data  Gb  ant.o [1]
G_au8AntMessageInitFail
                        0x200001b0   0x20  Data  Gb  ant.o [1]
G_au8AntMessageNoAnt    0x20000104   0x40  Data  Gb  ant.o [1]
G_au8AntMessageOk       0x20000350    0x8  Data  Gb  ant.o [1]
G_au8AntMessageOpen     0x20000304   0x14  Data  Gb  ant.o [1]
G_au8AntMessageUnassign
                        0x2000024c   0x18  Data  Gb  ant.o [1]
G_au8AntMessageUnhandled
                        0x20000230   0x1c  Data  Gb  ant.o [1]
G_au8DebugScanfBuffer   0x20001590   0x80  Data  Gb  debug.o [1]
G_au8MessageOFF         0x20000378    0x8  Data  Gb  utilities.o [1]
G_au8MessageON          0x20000370    0x8  Data  Gb  utilities.o [1]
G_sAntApplicationMsgList
                        0x2000194c    0x4  Data  Gb  ant.o [1]
G_stAntSetupData        0x2000192c    0xc  Data  Gb  ant.o [1]
G_u32AntFlags           0x20001948    0x4  Data  Gb  ant.o [1]
G_u32ApplicationFlags   0x200019d0    0x4  Data  Gb  main.o [1]
G_u32DebugFlags         0x200019a8    0x4  Data  Gb  debug.o [1]
G_u32MessagingFlags     0x200019d4    0x4  Data  Gb  messaging.o [1]
G_u32Ssp1ApplicationFlags
                        0x20001a0c    0x4  Data  Gb  sam3u_ssp.o [1]
G_u32Ssp2ApplicationFlags
                        0x20001a10    0x4  Data  Gb  sam3u_ssp.o [1]
G_u32SystemFlags        0x200019cc    0x4  Data  Gb  main.o [1]
G_u32SystemTime1ms      0x200019e4    0x4  Data  Gb  mpgl1-ehdw-03.o [1]
G_u32SystemTime1s       0x200019e8    0x4  Data  Gb  mpgl1-ehdw-03.o [1]
G_u32Uart0ApplicationFlags
                        0x20001a3c    0x4  Data  Gb  sam3u_uart.o [1]
G_u32UartApplicationFlags
                        0x20001a38    0x4  Data  Gb  sam3u_uart.o [1]
G_u8DebugScanfCharCount
                        0x20001a9b    0x1  Data  Gb  debug.o [1]
GetButtonBitLocation    0x00084e39   0x26  Code  Gb  buttons.o [1]
GpioSetup               0x00084a83   0xea  Code  Gb  mpgl1-ehdw-03.o [1]
HDMA_IrqHandler         0x000815f9    0x2  Code  Wk  exceptions.o [1]
HEAP$$Base              0x20080000          --   Gb  - Linker created -
HEAP$$Limit             0x20084000          --   Gb  - Linker created -
HSMC4_IrqHandler        0x000815e3    0x2  Code  Wk  exceptions.o [1]
HardFault_Handler       0x00085043   0x34  Code  Gb  interrupts.o [1]
InterruptSetup          0x00084ff9   0x4a  Code  Gb  interrupts.o [1]
IrqHandlerNotUsed       0x000815c3    0x2  Code  Gb  exceptions.o [1]
IsTimeUp                0x000824cd   0x38  Code  Gb  utilities.o [1]
LcdInitialize           0x00085621   0xb2  Code  Gb  lcd_nhd-c0220biz.o [1]
LcdRunActiveState       0x000856d3    0xa  Code  Gb  lcd_nhd-c0220biz.o [1]
LcdSM_Idle              0x000856f9    0x2  Code  Gb  lcd_nhd-c0220biz.o [1]
Lcd_StateMachine        0x200019c4    0x4  Data  Lc  lcd_nhd-c0220biz.o [1]
Lcd_u32Timer            0x200019c8    0x4  Data  Lc  lcd_nhd-c0220biz.o [1]
LedInitialize           0x00083eb5   0xc8  Code  Gb  leds.o [1]
LedOff                  0x00083e3b   0x58  Code  Gb  leds.o [1]
LedOn                   0x00083ddd   0x5e  Code  Gb  leds.o [1]
LedToggle               0x00083e93   0x22  Code  Gb  leds.o [1]
LedUpdate               0x00083f7d  0x162  Code  Gb  leds.o [1]
Led_au32BitPositions    0x20000184   0x2c  Data  Lc  leds.o [1]
Leds_asLedArray         0x20000000   0x70  Data  Lc  leds.o [1]
MCI0_IrqHandler         0x000815e9    0x2  Code  Wk  exceptions.o [1]
MemManage_Handler       0x000815c7    0x2  Code  Wk  exceptions.o [1]
MessagingIdle           0x0008381d   0x1c  Code  Gb  messaging.o [1]
MessagingInitialize     0x00083751   0x72  Code  Gb  messaging.o [1]
MessagingRunActiveState
                        0x000837c3    0xa  Code  Gb  messaging.o [1]
Messaging_pfnStateMachine
                        0x200019d8    0x4  Data  Lc  messaging.o [1]
Msg_Pool                0x20000394  0x900  Data  Lc  messaging.o [1]
Msg_StatusQueue         0x20000c94  0x300  Data  Lc  messaging.o [1]
Msg_pNextStatus         0x200019e0    0x4  Data  Lc  messaging.o [1]
Msg_u32Token            0x200019dc    0x4  Data  Lc  messaging.o [1]
Msg_u8QueuedMessageCount
                        0x20001a9e    0x1  Data  Lc  messaging.o [1]
NMI_Handler             0x000815c5    0x2  Code  Wk  exceptions.o [1]
NVIC_ClearPendingIRQ    0x00085315   0x14  Code  Lc  adc12.o [1]
NVIC_ClearPendingIRQ    0x00084d51   0x14  Code  Lc  buttons.o [1]
NVIC_ClearPendingIRQ    0x00084fe5   0x14  Code  Lc  interrupts.o [1]
NVIC_ClearPendingIRQ    0x0008417f   0x16  Code  Lc  sam3u_i2c.o [1]
NVIC_ClearPendingIRQ    0x00082d0f   0x16  Code  Lc  sam3u_ssp.o [1]
NVIC_ClearPendingIRQ    0x0008387b   0x16  Code  Lc  sam3u_uart.o [1]
NVIC_ClearPendingIRQ    0x00085459   0x14  Code  Lc  timer.o [1]
NVIC_DisableIRQ         0x00084fd1   0x14  Code  Lc  interrupts.o [1]
NVIC_EnableIRQ          0x00085301   0x14  Code  Lc  adc12.o [1]
NVIC_EnableIRQ          0x00084d3d   0x14  Code  Lc  buttons.o [1]
NVIC_EnableIRQ          0x00084169   0x16  Code  Lc  sam3u_i2c.o [1]
NVIC_EnableIRQ          0x00082cf9   0x16  Code  Lc  sam3u_ssp.o [1]
NVIC_EnableIRQ          0x00083865   0x16  Code  Lc  sam3u_uart.o [1]
NVIC_EnableIRQ          0x00085445   0x14  Code  Lc  timer.o [1]
PIOA_IrqHandler         0x000850b3   0x54  Code  Gb  interrupts.o [1]
PIOB_IrqHandler         0x00085107   0x56  Code  Gb  interrupts.o [1]
PIOC_IrqHandler         0x000815e5    0x2  Code  Wk  exceptions.o [1]
PMC_IrqHandler          0x000815dd    0x2  Code  Wk  exceptions.o [1]
PWMSetupAudio           0x00084b6d   0x5c  Code  Gb  mpgl1-ehdw-03.o [1]
PWM_IrqHandler          0x000815f5    0x2  Code  Wk  exceptions.o [1]
PendSV_Handler          0x000815d1    0x2  Code  Wk  exceptions.o [1]
QueryMessageStatus      0x000835c9   0x38  Code  Gb  messaging.o [1]
QueueMessage            0x00083601   0xfa  Code  Gb  messaging.o [1]
RSTC_IrqHandler         0x000815d5    0x2  Code  Wk  exceptions.o [1]
RTC_IrqHandler          0x000815d7    0x2  Code  Wk  exceptions.o [1]
RTT_IrqHandler          0x000815d9    0x2  Code  Wk  exceptions.o [1]
Region$$Table$$Base     0x00085a48          --   Gb  - Linker created -
Region$$Table$$Limit    0x00085a6c          --   Gb  - Linker created -
SD_Ssp                  0x20001a64    0x4  Data  Lc  sdcard.o [1]
SD_au8RxBuffer          0x20000f94  0x224  Data  Lc  sdcard.o [1]
SD_pfnStateMachine      0x20001a60    0x4  Data  Lc  sdcard.o [1]
SD_pu8RxBufferNextByte  0x20001a68    0x4  Data  Lc  sdcard.o [1]
SD_pu8RxBufferParser    0x20001a6c    0x4  Data  Lc  sdcard.o [1]
SD_sSspConfig           0x200018a0   0x24  Data  Lc  sdcard.o [1]
SPI0_IrqHandler         0x000815ed    0x2  Code  Wk  exceptions.o [1]
SSC0_IrqHandler         0x000815ef    0x2  Code  Wk  exceptions.o [1]
SSP_Peripheral0         0x20001750   0x34  Data  Lc  sam3u_ssp.o [1]
SSP_Peripheral1         0x20001784   0x34  Data  Lc  sam3u_ssp.o [1]
SSP_Peripheral2         0x200017b8   0x34  Data  Lc  sam3u_ssp.o [1]
SSP_au8Dummies          0x20001690   0x80  Data  Lc  sam3u_ssp.o [1]
SSP_psCurrentISR        0x20001a24    0x4  Data  Lc  sam3u_ssp.o [1]
SSP_psCurrentSsp        0x20001a20    0x4  Data  Lc  sam3u_ssp.o [1]
SSP_pu32SspApplicationFlagsISR
                        0x20001a28    0x4  Data  Lc  sam3u_ssp.o [1]
SSP_u32AntCounter       0x20001a34    0x4  Data  Lc  sam3u_ssp.o [1]
SSP_u32Flags            0x20001a1c    0x4  Data  Lc  sam3u_ssp.o [1]
SSP_u32Int1Count        0x20001a2c    0x4  Data  Lc  sam3u_ssp.o [1]
SSP_u32Int2Count        0x20001a30    0x4  Data  Lc  sam3u_ssp.o [1]
SSP_u32Timer            0x20001a18    0x4  Data  Lc  sam3u_ssp.o [1]
SUPC_IrqHandler         0x000815d3    0x2  Code  Wk  exceptions.o [1]
SVC_Handler             0x000815cd    0x2  Code  Wk  exceptions.o [1]
SdCardInitialize        0x000856fd   0x8c  Code  Gb  sdcard.o [1]
SdCardRunActiveState    0x00085789    0xa  Code  Gb  sdcard.o [1]
SdIdleNoCard            0x00085795    0x2  Code  Lc  sdcard.o [1]
SspGenericHandler       0x00083043  0x352  Code  Gb  sam3u_ssp.o [1]
SspInitialize           0x00082e9d   0xfe  Code  Gb  sam3u_ssp.o [1]
SspManualMode           0x00082fa7   0x48  Code  Gb  sam3u_ssp.o [1]
SspRequest              0x00082d25  0x148  Code  Gb  sam3u_ssp.o [1]
SspRunActiveState       0x00082f9b    0xc  Code  Gb  sam3u_ssp.o [1]
SspSM_Idle              0x00083395  0x1c0  Code  Gb  sam3u_ssp.o [1]
SspWriteData            0x00082e6d   0x30  Code  Gb  sam3u_ssp.o [1]
Ssp_pfnStateMachine     0x20001a14    0x4  Data  Lc  sam3u_ssp.o [1]
SysTickSetup            0x000849d9   0x22  Code  Gb  mpgl1-ehdw-03.o [1]
SysTick_Handler         0x00085077   0x3c  Code  Gb  interrupts.o [1]
SystemSleep             0x000849fb   0x7a  Code  Gb  mpgl1-ehdw-03.o [1]
SystemStatusReport      0x00082691   0x74  Code  Gb  debug.o [1]
TC0_IrqHandler          0x000815f1    0x2  Code  Wk  exceptions.o [1]
TC1_IrqHandler          0x000854d9   0x24  Code  Gb  timer.o [1]
TC2_IrqHandler          0x000815f3    0x2  Code  Wk  exceptions.o [1]
TWI0                    0x20001a00    0x4  Data  Lc  sam3u_i2c.o [1]
TWI0FillTxBuffer        0x00084453   0x96  Code  Lc  sam3u_i2c.o [1]
TWI0WriteByte           0x00084195   0xd6  Code  Gb  sam3u_i2c.o [1]
TWI0WriteData           0x0008426b   0xda  Code  Gb  sam3u_i2c.o [1]
TWI0_IrqHandler         0x00084527   0xb8  Code  Gb  sam3u_i2c.o [1]
TWI1_IrqHandler         0x000815eb    0x2  Code  Wk  exceptions.o [1]
TWIInitialize           0x00084345  0x102  Code  Gb  sam3u_i2c.o [1]
TWIManualMode           0x000844e9   0x3e  Code  Lc  sam3u_i2c.o [1]
TWIRunActiveState       0x00084447    0xc  Code  Gb  sam3u_i2c.o [1]
TWISM_Error             0x00084871   0x94  Code  Gb  sam3u_i2c.o [1]
TWISM_Idle              0x000845e1  0x142  Code  Gb  sam3u_i2c.o [1]
TWISM_Receiving         0x000847f9   0x78  Code  Gb  sam3u_i2c.o [1]
TWISM_Transmitting      0x00084725   0xd2  Code  Gb  sam3u_i2c.o [1]
TWI_MessageBuffer       0x20001490  0x100  Data  Lc  sam3u_i2c.o [1]
TWI_MessageBufferCurIndex
                        0x20001aa0    0x1  Data  Lc  sam3u_i2c.o [1]
TWI_MessageBufferNextIndex
                        0x20001a9f    0x1  Data  Lc  sam3u_i2c.o [1]
TWI_MessageQueueLength  0x20001aa1    0x1  Data  Lc  sam3u_i2c.o [1]
TWI_Peripheral0         0x2000191c   0x10  Data  Lc  sam3u_i2c.o [1]
TWI_StateMachine        0x200019f4    0x4  Data  Lc  sam3u_i2c.o [1]
TWI_pu8CurrentTxData    0x20001a08    0x4  Data  Lc  sam3u_i2c.o [1]
TWI_u32CurrentBytesRemaining
                        0x20001a04    0x4  Data  Lc  sam3u_i2c.o [1]
TWI_u32Flags            0x200019fc    0x4  Data  Lc  sam3u_i2c.o [1]
TWI_u32Timer            0x200019f8    0x4  Data  Lc  sam3u_i2c.o [1]
TimerDefaultCallback    0x00085443    0x2  Code  Gb  timer.o [1]
TimerInitialize         0x0008546d   0x62  Code  Gb  timer.o [1]
TimerRunActiveState     0x000854cf    0xa  Code  Gb  timer.o [1]
TimerSM_Idle            0x00085541    0x2  Code  Lc  timer.o [1]
Timer_StateMachine      0x20001a70    0x4  Data  Lc  timer.o [1]
Timer_u32Timer1Counter  0x20001a78    0x4  Data  Lc  timer.o [1]
UART_Peripheral         0x20001810   0x24  Data  Lc  sam3u_uart.o [1]
UART_Peripheral0        0x20001834   0x24  Data  Lc  sam3u_uart.o [1]
UART_Peripheral1        0x20001858   0x24  Data  Lc  sam3u_uart.o [1]
UART_Peripheral2        0x2000187c   0x24  Data  Lc  sam3u_uart.o [1]
UART_psCurrentISR       0x20001a50    0x4  Data  Lc  sam3u_uart.o [1]
UART_psCurrentUart      0x20001a4c    0x4  Data  Lc  sam3u_uart.o [1]
UART_pu32ApplicationFlagsISR
                        0x20001a54    0x4  Data  Lc  sam3u_uart.o [1]
UART_u32Flags           0x20001a48    0x4  Data  Lc  sam3u_uart.o [1]
UART_u32Int0Count       0x20001a5c    0x4  Data  Lc  sam3u_uart.o [1]
UART_u32IntCount        0x20001a58    0x4  Data  Lc  sam3u_uart.o [1]
UART_u32Timer           0x20001a44    0x4  Data  Lc  sam3u_uart.o [1]
UART_u8ActiveUarts      0x20001aa2    0x1  Data  Lc  sam3u_uart.o [1]
UDPD_IrqHandler         0x000815fb    0x2  Code  Wk  exceptions.o [1]
USART0_IrqHandler       0x00083b7f   0x1e  Code  Gb  sam3u_uart.o [1]
USART1_IrqHandler       0x00082fef   0x2a  Code  Gb  sam3u_ssp.o [1]
USART2_IrqHandler       0x00083019   0x2a  Code  Gb  sam3u_ssp.o [1]
USART3_IrqHandler       0x000815e7    0x2  Code  Wk  exceptions.o [1]
UartGenericHandler      0x00083b9d   0xf4  Code  Gb  sam3u_uart.o [1]
UartInitialize          0x00083a25   0xfc  Code  Gb  sam3u_uart.o [1]
UartManualMode          0x00083b2b   0x36  Code  Lc  sam3u_uart.o [1]
UartRequest             0x00083891  0x138  Code  Gb  sam3u_uart.o [1]
UartRunActiveState      0x00083b21    0xa  Code  Gb  sam3u_uart.o [1]
UartSM_Idle             0x00083c95   0xd8  Code  Gb  sam3u_uart.o [1]
UartWriteByte           0x000839c9   0x30  Code  Gb  sam3u_uart.o [1]
UartWriteData           0x000839f9   0x2c  Code  Gb  sam3u_uart.o [1]
Uart_pfnStateMachine    0x20001a40    0x4  Data  Lc  sam3u_uart.o [1]
UpdateMessageStatus     0x000837cd   0x1c  Code  Gb  messaging.o [1]
UsageFault_Handler      0x000815cb    0x2  Code  Wk  exceptions.o [1]
UserApp1Initialize      0x00085195   0x26  Code  Gb  user_app1.o [1]
UserApp1RunActiveState  0x000851bb    0xc  Code  Gb  user_app1.o [1]
UserApp1_StateMachine   0x20001a7c    0x4  Data  Lc  user_app1.o [1]
UserApp2Initialize      0x000857bd    0xa  Code  Gb  user_app2.o [1]
UserApp2RunActiveState  0x000857c7    0xa  Code  Gb  user_app2.o [1]
UserApp2SM_Idle         0x000857d5    0x2  Code  Lc  user_app2.o [1]
UserApp2_StateMachine   0x20001a88    0x4  Data  Lc  user_app2.o [1]
UserApp3Initialize      0x000857d9    0xa  Code  Gb  user_app3.o [1]
UserApp3RunActiveState  0x000857e3    0xa  Code  Gb  user_app3.o [1]
UserApp3SM_Idle         0x000857f1    0x2  Code  Lc  user_app3.o [1]
UserApp3_StateMachine   0x20001a8c    0x4  Data  Lc  user_app3.o [1]
WDT_IrqHandler          0x000815db    0x2  Code  Wk  exceptions.o [1]
WasButtonPressed        0x00084d65   0x12  Code  Gb  buttons.o [1]
WatchDogSetup           0x00084a75    0xe  Code  Gb  mpgl1-ehdw-03.o [1]
__ICFEDIT_intvec_start__ {Abs}
                        0x00080000          --   Gb  command line/config [2]
__aeabi_memset          0x00084101         Code  Gb  ABImemset.o [4]
__as_entries_start      0xffffffff          --   Gb  command line/config [2]
__as_table_start        0xffffffff          --   Gb  command line/config [2]
__cmain                 0x00085b01         Code  Gb  cmain.o [4]
__data_GetMemChunk      0x000815fd   0x2c  Code  Gb  xgetmemchunk.o [3]
__exit                  0x00081629   0x14  Code  Gb  exit.o [5]
__iar_Memset            0x00084101         Code  Gb  ABImemset.o [4]
__iar_Memset_word       0x00084109         Code  Gb  ABImemset.o [4]
__iar_copy_init3        0x0008249f   0x2e  Code  Gb  copy_init3.o [4]
__iar_data_init3        0x000858b9   0x28  Code  Gb  data_init.o [4]
__iar_dlfree            0x000810a5  0x510  Code  Gb  dlmalloc.o [3]
__iar_dlmalloc          0x00080def  0x2aa  Code  Gb  dlmalloc.o [3]
__iar_gm_               0x200011b8  0x1d8  Data  Gb  dlmalloc.o [3]
__iar_program_start     0x00085c45         Code  Gb  cstartup_M.o [4]
__iar_unaligned___aeabi_memcpy
                        0x00082509         Code  Gb  ABImemcpy_unaligned.o [4]
__iar_unaligned___aeabi_memcpy4
                        0x00082529         Code  Gb  ABImemcpy_unaligned.o [4]
__iar_unaligned___aeabi_memcpy8
                        0x00082529         Code  Gb  ABImemcpy_unaligned.o [4]
__iar_zero_init3        0x0008257f   0x22  Code  Gb  zero_init3.o [4]
__low_level_init        0x00085b1d   0x14  Code  Gb  board_cstartup_iar.o [1]
__vector_table          0x00080000   0xbc  Data  Gb  board_cstartup_iar.o [1]
_call_main              0x00085b0d         Code  Gb  cmain.o [4]
_exit                   0x00085b35         Code  Gb  cexit.o [4]
_main                   0x00085b17         Code  Gb  cmain.o [4]
abort                   0x000815bd    0x6  Code  Gb  abort.o [3]
exit                    0x00085b31    0x4  Code  Gb  exit.o [3]
fpTimer1Callback        0x20001a74    0x4  Data  Lc  timer.o [1]
init_mparams            0x000800d7   0x32  Code  Lc  dlmalloc.o [3]
init_top                0x00080109   0x34  Code  Lc  dlmalloc.o [3]
main                    0x00085545   0xdc  Code  Gb  main.o [1]
mparams                 0x200018e4   0x18  Data  Lc  dlmalloc.o [3]
password_button         0x000851c9  0x120  Code  Gb  user_app1.o [1]
prepend_alloc           0x0008013d  0x36e  Code  Lc  dlmalloc.o [3]
segment_holding         0x000800bd   0x1a  Code  Lc  dlmalloc.o [3]
sys_alloc               0x000804ab  0x38c  Code  Lc  dlmalloc.o [3]
tmalloc_large           0x00080845  0x39a  Code  Lc  dlmalloc.o [3]
tmalloc_small           0x00080bdf  0x210  Code  Lc  dlmalloc.o [3]


[1] = D:\Documents\GitHub\5-5eie\5_course\firmware_mpgl1\iar_7_20_1\Debug\Obj
[2] = command line
[3] = dl7M_tln.a
[4] = rt7M_tl.a
[5] = shb_l.a

  22 438 bytes of readonly  code memory
   2 126 bytes of readonly  data memory
  27 298 bytes of readwrite data memory

Errors: none
Warnings: none
