###############################################################################
#
# IAR ELF Linker V7.20.2.7424/W32 for ARM                 12/May/2017  15:55:25
# Copyright 2007-2014 IAR Systems AB.
#
#    Output file  =  
#        D:\Documents\GitHub\5-5eie\5_course\firmware_mpgl1\iar_7_20_1\Debug\Exe\mpgl1.out
#    Map file     =  
#        D:\Documents\GitHub\5-5eie\5_course\firmware_mpgl1\iar_7_20_1\Debug\List\mpgl1.map
#    Command line =  
#        D:\Documents\GitHub\5-5eie\5_course\firmware_mpgl1\iar_7_20_1\Debug\Obj\adc12.o
#        D:\Documents\GitHub\5-5eie\5_course\firmware_mpgl1\iar_7_20_1\Debug\Obj\ant.o
#        D:\Documents\GitHub\5-5eie\5_course\firmware_mpgl1\iar_7_20_1\Debug\Obj\ant_api.o
#        D:\Documents\GitHub\5-5eie\5_course\firmware_mpgl1\iar_7_20_1\Debug\Obj\board_cstartup_iar.o
#        D:\Documents\GitHub\5-5eie\5_course\firmware_mpgl1\iar_7_20_1\Debug\Obj\buttons.o
#        D:\Documents\GitHub\5-5eie\5_course\firmware_mpgl1\iar_7_20_1\Debug\Obj\core_cm3.o
#        D:\Documents\GitHub\5-5eie\5_course\firmware_mpgl1\iar_7_20_1\Debug\Obj\debug.o
#        D:\Documents\GitHub\5-5eie\5_course\firmware_mpgl1\iar_7_20_1\Debug\Obj\exceptions.o
#        D:\Documents\GitHub\5-5eie\5_course\firmware_mpgl1\iar_7_20_1\Debug\Obj\interrupts.o
#        D:\Documents\GitHub\5-5eie\5_course\firmware_mpgl1\iar_7_20_1\Debug\Obj\lcd_nhd-c0220biz.o
#        D:\Documents\GitHub\5-5eie\5_course\firmware_mpgl1\iar_7_20_1\Debug\Obj\leds.o
#        D:\Documents\GitHub\5-5eie\5_course\firmware_mpgl1\iar_7_20_1\Debug\Obj\main.o
#        D:\Documents\GitHub\5-5eie\5_course\firmware_mpgl1\iar_7_20_1\Debug\Obj\messaging.o
#        D:\Documents\GitHub\5-5eie\5_course\firmware_mpgl1\iar_7_20_1\Debug\Obj\mpgl1-ehdw-03.o
#        D:\Documents\GitHub\5-5eie\5_course\firmware_mpgl1\iar_7_20_1\Debug\Obj\sam3u_i2c.o
#        D:\Documents\GitHub\5-5eie\5_course\firmware_mpgl1\iar_7_20_1\Debug\Obj\sam3u_ssp.o
#        D:\Documents\GitHub\5-5eie\5_course\firmware_mpgl1\iar_7_20_1\Debug\Obj\sam3u_uart.o
#        D:\Documents\GitHub\5-5eie\5_course\firmware_mpgl1\iar_7_20_1\Debug\Obj\sdcard.o
#        D:\Documents\GitHub\5-5eie\5_course\firmware_mpgl1\iar_7_20_1\Debug\Obj\timer.o
#        D:\Documents\GitHub\5-5eie\5_course\firmware_mpgl1\iar_7_20_1\Debug\Obj\user_app1.o
#        D:\Documents\GitHub\5-5eie\5_course\firmware_mpgl1\iar_7_20_1\Debug\Obj\user_app2.o
#        D:\Documents\GitHub\5-5eie\5_course\firmware_mpgl1\iar_7_20_1\Debug\Obj\user_app3.o
#        D:\Documents\GitHub\5-5eie\5_course\firmware_mpgl1\iar_7_20_1\Debug\Obj\utilities.o
#        --redirect _Printf=_PrintfTiny --redirect _Scanf=_ScanfSmallNoMb -o
#        D:\Documents\GitHub\5-5eie\5_course\firmware_mpgl1\iar_7_20_1\Debug\Exe\mpgl1.out
#        --map
#        D:\Documents\GitHub\5-5eie\5_course\firmware_mpgl1\iar_7_20_1\Debug\List\mpgl1.map
#        --log initialization,modules,sections --log_file
#        D:\Documents\GitHub\5-5eie\5_course\firmware_mpgl1\iar_7_20_1\Debug\List\mpgl1.log
#        --config
#        D:\Documents\GitHub\5-5eie\5_course\firmware_mpgl1\iar_7_20_1\..\..\firmware_mpg_common\sam3u2-flash.icf
#        --semihosting --entry __iar_program_start --vfe
#
###############################################################################

*******************************************************************************
*** RUNTIME MODEL ATTRIBUTES
***

CppFlavor       = *
__Heap_Handler  = DLMalloc
__SystemLibrary = DLib


*******************************************************************************
*** PLACEMENT SUMMARY
***

"A1":  place at 0x00080000 { ro section .intvec };
"P1":  place in [from 0x00080000 to 0x0009ffff] { ro };
"P2":  place in [from 0x20000000 to 0x20003fff] { rw, block CSTACK };
"P3":  place in [from 0x20080000 to 0x20083fff] { block HEAP };

  Section            Kind        Address    Size  Object
  -------            ----        -------    ----  ------
"A1":                                       0xbc
  .intvec                     0x00080000    0xbc  <Block>
    .intvec          const    0x00080000    0xbc  board_cstartup_iar.o [1]
                            - 0x000800bc    0xbc

"P1":                                     0x6060
  .text              ro code  0x000800bc  0x1500  dlmalloc.o [3]
  .text              ro code  0x000815bc     0x6  abort.o [3]
  .text              ro code  0x000815c2    0x3a  exceptions.o [1]
  .text              ro code  0x000815fc    0x2c  xgetmemchunk.o [3]
  .text              ro code  0x00081628    0x14  exit.o [5]
  .text              ro code  0x0008163c   0xe62  ant.o [1]
  .text              ro code  0x0008249e    0x2e  copy_init3.o [4]
  .text              ro code  0x000824cc    0x3c  utilities.o [1]
  .text              ro code  0x00082508    0x76  ABImemcpy_unaligned.o [4]
  .text              ro code  0x0008257e    0x22  zero_init3.o [4]
  .text              ro code  0x000825a0   0x758  debug.o [1]
  .text              ro code  0x00082cf8   0x8d0  sam3u_ssp.o [1]
  .text              ro code  0x000835c8   0x29c  messaging.o [1]
  .text              ro code  0x00083864   0x578  sam3u_uart.o [1]
  .text              ro code  0x00083ddc   0x324  leds.o [1]
  .text              ro code  0x00084100    0x66  ABImemset.o [4]
  .rodata            const    0x00084166     0x2  debug.o [1]
  .text              ro code  0x00084168   0x7f0  sam3u_i2c.o [1]
  .text              ro code  0x00084958   0x44c  mpgl1-ehdw-03.o [1]
  .text              ro code  0x00084da4   0x294  buttons.o [1]
  .text              ro code  0x00085038   0x1c4  interrupts.o [1]
  .text              ro code  0x000851fc   0x18a  lcd_nhd-c0220biz.o [1]
  .text              ro code  0x00085386     0x2  timer.o [1]
  .text              ro code  0x00085388   0x142  adc12.o [1]
  .text              ro code  0x000854cc    0xfe  timer.o [1]
  .text              ro code  0x000855cc    0xdc  main.o [1]
  .text              ro code  0x000856a8    0xc0  sdcard.o [1]
  .text              ro code  0x00085768    0xdc  user_app1.o [1]
  .text              ro code  0x00085844    0x1a  user_app2.o [1]
  .text              ro code  0x00085860    0x1a  user_app3.o [1]
  .text              ro code  0x0008587c    0x36  strlen.o [4]
  .rodata            const    0x000858b4    0x50  debug.o [1]
  .rodata            const    0x00085904    0x48  debug.o [1]
  .rodata            const    0x0008594c    0x2c  ant.o [1]
  .text              ro code  0x00085978    0x28  data_init.o [4]
  .rodata            const    0x000859a0    0x24  ant.o [1]
  .rodata            const    0x000859c4    0x24  debug.o [1]
  .rodata            const    0x000859e8    0x24  debug.o [1]
  .rodata            const    0x00085a0c    0x24  debug.o [1]
  .rodata            const    0x00085a30    0x24  debug.o [1]
  .rodata            const    0x00085a54    0x24  debug.o [1]
  .rodata            const    0x00085a78    0x24  debug.o [1]
  .rodata            const    0x00085a9c    0x24  debug.o [1]
  .rodata            const    0x00085ac0    0x24  debug.o [1]
  .rodata            const    0x00085ae4    0x24  debug.o [1]
  .iar.init_table    const    0x00085b08    0x24  - Linker created -
  .rodata            const    0x00085b2c    0x20  interrupts.o [1]
  .rodata            const    0x00085b4c    0x20  sam3u_uart.o [1]
  .rodata            const    0x00085b6c    0x1c  adc12.o [1]
  .rodata            const    0x00085b88    0x1c  ant.o [1]
  .rodata            const    0x00085ba4    0x1c  debug.o [1]
  .text              ro code  0x00085bc0    0x1a  cmain.o [4]
  .text              ro code  0x00085bdc    0x14  board_cstartup_iar.o [1]
  .text              ro code  0x00085bf0     0x4  exit.o [3]
  .text              ro code  0x00085bf4     0xa  cexit.o [4]
  .rodata            const    0x00085c00    0x18  ant.o [1]
  .rodata            const    0x00085c18    0x18  ant.o [1]
  .rodata            const    0x00085c30    0x18  lcd_nhd-c0220biz.o [1]
  .rodata            const    0x00085c48    0x18  sdcard.o [1]
  .rodata            const    0x00085c60    0x18  timer.o [1]
  .rodata            const    0x00085c78    0x14  ant.o [1]
  .rodata            const    0x00085c8c    0x14  ant.o [1]
  .rodata            const    0x00085ca0    0x14  ant.o [1]
  .rodata            const    0x00085cb4    0x14  ant.o [1]
  .rodata            const    0x00085cc8    0x14  debug.o [1]
  .rodata            const    0x00085cdc    0x10  buttons.o [1]
  .rodata            const    0x00085cec    0x10  user_app1.o [1]
  .rodata            const    0x00085cfc     0xc  debug.o [1]
  .rodata            const    0x00085d08     0xc  debug.o [1]
  .text              ro code  0x00085d14     0xc  cstartup_M.o [4]
  .rodata            const    0x00085d20     0x8  ant.o [1]
  .rodata            const    0x00085d28     0x8  lcd_nhd-c0220biz.o [1]
  .rodata            const    0x00085d30     0x0  zero_init3.o [4]
  .rodata            const    0x00085d30     0x0  copy_init3.o [4]
  Initializer bytes  ro data  0x00085d30   0x3ec  <for P2 s0>
                            - 0x0008611c  0x6060

"P2":                                     0x2af8
  P2 s0                       0x20000000   0x3ec  <Init block>
    .data            inited   0x20000000    0x70  leds.o [1]
    .data            inited   0x20000070    0x50  ant.o [1]
    .data            inited   0x200000c0    0x44  debug.o [1]
    .data            inited   0x20000104    0x40  ant.o [1]
    .data            inited   0x20000144    0x40  debug.o [1]
    .data            inited   0x20000184    0x2c  lcd_nhd-c0220biz.o [1]
    .data            inited   0x200001b0    0x2c  lcd_nhd-c0220biz.o [1]
    .data            inited   0x200001dc    0x2c  leds.o [1]
    .data            inited   0x20000208    0x20  ant.o [1]
    .data            inited   0x20000228    0x20  ant.o [1]
    .data            inited   0x20000248    0x20  debug.o [1]
    .data            inited   0x20000268    0x20  mpgl1-ehdw-03.o [1]
    .data            inited   0x20000288    0x1c  ant.o [1]
    .data            inited   0x200002a4    0x18  ant.o [1]
    .data            inited   0x200002bc    0x18  ant.o [1]
    .data            inited   0x200002d4    0x18  debug.o [1]
    .data            inited   0x200002ec    0x18  leds.o [1]
    .data            inited   0x20000304    0x18  sam3u_ssp.o [1]
    .data            inited   0x2000031c    0x18  sam3u_ssp.o [1]
    .data            inited   0x20000334    0x14  ant.o [1]
    .data            inited   0x20000348    0x14  ant.o [1]
    .data            inited   0x2000035c    0x14  ant.o [1]
    .data            inited   0x20000370    0x14  buttons.o [1]
    .data            inited   0x20000384    0x14  debug.o [1]
    .data            inited   0x20000398    0x10  ant.o [1]
    .data            inited   0x200003a8     0x8  ant.o [1]
    .data            inited   0x200003b0     0x8  ant.o [1]
    .data            inited   0x200003b8     0x8  buttons.o [1]
    .data            inited   0x200003c0     0x8  debug.o [1]
    .data            inited   0x200003c8     0x8  utilities.o [1]
    .data            inited   0x200003d0     0x8  utilities.o [1]
    .data            inited   0x200003d8     0x4  adc12.o [1]
    .data            inited   0x200003dc     0x4  debug.o [1]
    .data            inited   0x200003e0     0x4  messaging.o [1]
    .data            inited   0x200003e4     0x4  user_app1.o [1]
    .data            inited   0x200003e8     0x2  interrupts.o [1]
  .bss               zero     0x200003ec   0x900  messaging.o [1]
  .bss               zero     0x20000cec   0x300  messaging.o [1]
  .bss               zero     0x20000fec   0x224  sdcard.o [1]
  .bss               zero     0x20001210   0x1d8  dlmalloc.o [3]
  .bss               zero     0x200013e8   0x100  ant.o [1]
  .bss               zero     0x200014e8   0x100  sam3u_i2c.o [1]
  .bss               zero     0x200015e8    0x80  debug.o [1]
  .bss               zero     0x20001668    0x80  debug.o [1]
  .bss               zero     0x200016e8    0x80  sam3u_ssp.o [1]
  .bss               zero     0x20001768    0x40  debug.o [1]
  .bss               zero     0x200017a8    0x34  sam3u_ssp.o [1]
  .bss               zero     0x200017dc    0x34  sam3u_ssp.o [1]
  .bss               zero     0x20001810    0x34  sam3u_ssp.o [1]
  .bss               zero     0x20001844    0x24  ant.o [1]
  .bss               zero     0x20001868    0x24  sam3u_uart.o [1]
  .bss               zero     0x2000188c    0x24  sam3u_uart.o [1]
  .bss               zero     0x200018b0    0x24  sam3u_uart.o [1]
  .bss               zero     0x200018d4    0x24  sam3u_uart.o [1]
  .bss               zero     0x200018f8    0x24  sdcard.o [1]
  .bss               zero     0x2000191c    0x20  adc12.o [1]
  .bss               zero     0x2000193c    0x18  dlmalloc.o [3]
  .bss               zero     0x20001954    0x10  buttons.o [1]
  .bss               zero     0x20001964    0x10  buttons.o [1]
  .bss               zero     0x20001974    0x10  sam3u_i2c.o [1]
  .bss               zero     0x20001984     0xc  ant.o [1]
  .bss               zero     0x20001990     0xc  ant.o [1]
  .bss               zero     0x2000199c     0x4  adc12.o [1]
  .bss               zero     0x200019a0     0x4  ant.o [1]
  .bss               zero     0x200019a4     0x4  ant.o [1]
  .bss               zero     0x200019a8     0x4  ant.o [1]
  .bss               zero     0x200019ac     0x4  ant.o [1]
  .bss               zero     0x200019b0     0x4  ant.o [1]
  .bss               zero     0x200019b4     0x4  ant.o [1]
  .bss               zero     0x200019b8     0x4  ant.o [1]
  .bss               zero     0x200019bc     0x4  ant.o [1]
  .bss               zero     0x200019c0     0x4  ant.o [1]
  .bss               zero     0x200019c4     0x4  ant.o [1]
  .bss               zero     0x200019c8     0x4  ant.o [1]
  .bss               zero     0x200019cc     0x4  ant.o [1]
  .bss               zero     0x200019d0     0x4  ant.o [1]
  .bss               zero     0x200019d4     0x4  ant.o [1]
  .bss               zero     0x200019d8     0x4  ant.o [1]
  .bss               zero     0x200019dc     0x4  ant.o [1]
  .bss               zero     0x200019e0     0x4  ant.o [1]
  .bss               zero     0x200019e4     0x4  ant.o [1]
  .bss               zero     0x200019e8     0x4  ant.o [1]
  .bss               zero     0x200019ec     0x4  buttons.o [1]
  .bss               zero     0x200019f0     0x4  buttons.o [1]
  .bss               zero     0x200019f4     0x4  buttons.o [1]
  .bss               zero     0x200019f8     0x4  buttons.o [1]
  .bss               zero     0x200019fc     0x4  buttons.o [1]
  .bss               zero     0x20001a00     0x4  debug.o [1]
  .bss               zero     0x20001a04     0x4  debug.o [1]
  .bss               zero     0x20001a08     0x4  debug.o [1]
  .bss               zero     0x20001a0c     0x4  debug.o [1]
  .bss               zero     0x20001a10     0x4  debug.o [1]
  .bss               zero     0x20001a14     0x4  debug.o [1]
  .bss               zero     0x20001a18     0x4  debug.o [1]
  .bss               zero     0x20001a1c     0x4  lcd_nhd-c0220biz.o [1]
  .bss               zero     0x20001a20     0x4  lcd_nhd-c0220biz.o [1]
  .bss               zero     0x20001a24     0x4  main.o [1]
  .bss               zero     0x20001a28     0x4  main.o [1]
  .bss               zero     0x20001a2c     0x4  messaging.o [1]
  .bss               zero     0x20001a30     0x4  messaging.o [1]
  .bss               zero     0x20001a34     0x4  messaging.o [1]
  .bss               zero     0x20001a38     0x4  messaging.o [1]
  .bss               zero     0x20001a3c     0x4  mpgl1-ehdw-03.o [1]
  .bss               zero     0x20001a40     0x4  mpgl1-ehdw-03.o [1]
  .bss               zero     0x20001a44     0x4  mpgl1-ehdw-03.o [1]
  .bss               zero     0x20001a48     0x4  mpgl1-ehdw-03.o [1]
  .bss               zero     0x20001a4c     0x4  sam3u_i2c.o [1]
  .bss               zero     0x20001a50     0x4  sam3u_i2c.o [1]
  .bss               zero     0x20001a54     0x4  sam3u_i2c.o [1]
  .bss               zero     0x20001a58     0x4  sam3u_i2c.o [1]
  .bss               zero     0x20001a5c     0x4  sam3u_i2c.o [1]
  .bss               zero     0x20001a60     0x4  sam3u_i2c.o [1]
  .bss               zero     0x20001a64     0x4  sam3u_ssp.o [1]
  .bss               zero     0x20001a68     0x4  sam3u_ssp.o [1]
  .bss               zero     0x20001a6c     0x4  sam3u_ssp.o [1]
  .bss               zero     0x20001a70     0x4  sam3u_ssp.o [1]
  .bss               zero     0x20001a74     0x4  sam3u_ssp.o [1]
  .bss               zero     0x20001a78     0x4  sam3u_ssp.o [1]
  .bss               zero     0x20001a7c     0x4  sam3u_ssp.o [1]
  .bss               zero     0x20001a80     0x4  sam3u_ssp.o [1]
  .bss               zero     0x20001a84     0x4  sam3u_ssp.o [1]
  .bss               zero     0x20001a88     0x4  sam3u_ssp.o [1]
  .bss               zero     0x20001a8c     0x4  sam3u_ssp.o [1]
  .bss               zero     0x20001a90     0x4  sam3u_uart.o [1]
  .bss               zero     0x20001a94     0x4  sam3u_uart.o [1]
  .bss               zero     0x20001a98     0x4  sam3u_uart.o [1]
  .bss               zero     0x20001a9c     0x4  sam3u_uart.o [1]
  .bss               zero     0x20001aa0     0x4  sam3u_uart.o [1]
  .bss               zero     0x20001aa4     0x4  sam3u_uart.o [1]
  .bss               zero     0x20001aa8     0x4  sam3u_uart.o [1]
  .bss               zero     0x20001aac     0x4  sam3u_uart.o [1]
  .bss               zero     0x20001ab0     0x4  sam3u_uart.o [1]
  .bss               zero     0x20001ab4     0x4  sam3u_uart.o [1]
  .bss               zero     0x20001ab8     0x4  sdcard.o [1]
  .bss               zero     0x20001abc     0x4  sdcard.o [1]
  .bss               zero     0x20001ac0     0x4  sdcard.o [1]
  .bss               zero     0x20001ac4     0x4  sdcard.o [1]
  .bss               zero     0x20001ac8     0x4  timer.o [1]
  .bss               zero     0x20001acc     0x4  timer.o [1]
  .bss               zero     0x20001ad0     0x4  timer.o [1]
  .bss               zero     0x20001ad4     0x4  user_app1.o [1]
  .bss               zero     0x20001ad8     0x4  user_app2.o [1]
  .bss               zero     0x20001adc     0x4  user_app3.o [1]
  .bss               zero     0x20001ae0     0x4  xgetmemchunk.o [3]
  .bss               zero     0x20001ae4     0x2  debug.o [1]
  .bss               zero     0x20001ae6     0x2  lcd_nhd-c0220biz.o [1]
  .bss               zero     0x20001ae8     0x1  adc12.o [1]
  .bss               zero     0x20001ae9     0x1  ant.o [1]
  .bss               zero     0x20001aea     0x1  ant.o [1]
  .bss               zero     0x20001aeb     0x1  ant.o [1]
  .bss               zero     0x20001aec     0x1  ant.o [1]
  .bss               zero     0x20001aed     0x1  debug.o [1]
  .bss               zero     0x20001aee     0x1  debug.o [1]
  .bss               zero     0x20001aef     0x1  debug.o [1]
  .bss               zero     0x20001af0     0x1  messaging.o [1]
  .bss               zero     0x20001af1     0x1  sam3u_i2c.o [1]
  .bss               zero     0x20001af2     0x1  sam3u_i2c.o [1]
  .bss               zero     0x20001af3     0x1  sam3u_i2c.o [1]
  .bss               zero     0x20001af4     0x1  sam3u_uart.o [1]
  .bss               zero     0x20001af5     0x1  user_app1.o [1]
  CSTACK                      0x20001af8  0x1000  <Block>
    CSTACK           uninit   0x20001af8  0x1000  <Block tail>
                            - 0x20002af8  0x2af8

"P3":                                     0x4000
  HEAP                        0x20080000  0x4000  <Block>
    HEAP             uninit   0x20080000  0x4000  <Block tail>
                            - 0x20084000  0x4000


*******************************************************************************
*** INIT TABLE
***

          Address     Size
          -------     ----
Zero (__iar_zero_init3)
    1 destination range, total size 0x170a:
          0x200003ec  0x170a

Copy (__iar_copy_init3)
    1 source range, total size 0x3ec (100% of destination):
          0x00085d30   0x3ec
    1 destination range, total size 0x3ea:
          0x20000000   0x3ea



*******************************************************************************
*** MODULE SUMMARY
***

    Module                 ro code  ro data  rw data
    ------                 -------  -------  -------
D:\Documents\GitHub\5-5eie\5_course\firmware_mpgl1\iar_7_20_1\Debug\Obj: [1]
    adc12.o                    322       32       41
    ant.o                    3 682      620      772
    board_cstartup_iar.o        20      188
    buttons.o                  660       44       80
    debug.o                  1 880      770      573
    exceptions.o                58
    interrupts.o               452       34        2
    lcd_nhd-c0220biz.o         394      120       98
    leds.o                     804      180      180
    main.o                     220                 8
    messaging.o                668        4    3 093
    mpgl1-ehdw-03.o          1 100       32       48
    sam3u_i2c.o              2 032               299
    sam3u_ssp.o              2 256       48      376
    sam3u_uart.o             1 400       32      185
    sdcard.o                   192       24      600
    timer.o                    256       24       12
    user_app1.o                220       20        9
    user_app2.o                 26                 4
    user_app3.o                 26                 4
    utilities.o                 60       16       16
    ------------------------------------------------
    Total:                  16 728    2 188    6 400

command line: [2]
    ------------------------------------------------
    Total:

dl7M_tln.a: [3]
    abort.o                      6
    dlmalloc.o               5 376               496
    exit.o                       4
    xgetmemchunk.o              44                 4
    ------------------------------------------------
    Total:                   5 430               500

rt7M_tl.a: [4]
    ABImemcpy_unaligned.o      118
    ABImemset.o                102
    cexit.o                     10
    cmain.o                     26
    copy_init3.o                46
    cstartup_M.o                12
    data_init.o                 40
    strlen.o                    54
    zero_init3.o                34
    ------------------------------------------------
    Total:                     442

shb_l.a: [5]
    exit.o                      20
    ------------------------------------------------
    Total:                      20

    Gaps                        10        4
    Linker created                       38   20 480
----------------------------------------------------
    Grand Total:            22 630    2 230   27 380


*******************************************************************************
*** ENTRY LIST
***

Entry                      Address   Size  Type      Object
-----                      -------   ----  ----      ------
.intvec$$Base           0x00080000          --   Gb  - Linker created -
.intvec$$Limit          0x000800bc          --   Gb  - Linker created -
?main                   0x00085bc1         Code  Gb  cmain.o [4]
ADCC0_IrqHandler        0x00085427   0x5e  Code  Gb  adc12.o [1]
ADCC1_IrqHandler        0x000815f7    0x2  Code  Wk  exceptions.o [1]
Adc12DefaultCallback    0x00085425    0x2  Code  Gb  adc12.o [1]
Adc12Initialize         0x000853b1   0x6a  Code  Gb  adc12.o [1]
Adc12RunActiveState     0x0008541b    0xa  Code  Gb  adc12.o [1]
Adc12SM_Idle            0x000854c9    0x2  Code  Lc  adc12.o [1]
Adc12_StateMachine      0x2000199c    0x4  Data  Lc  adc12.o [1]
Adc12_aeChannels        0x200003d8    0x4  Data  Lc  adc12.o [1]
Adc12_afCallbacks       0x2000191c   0x20  Data  Lc  adc12.o [1]
Adc12_bAdcAvailable     0x20001ae8    0x1  Data  Lc  adc12.o [1]
AddNewMessageStatus     0x000837e9   0x34  Code  Lc  messaging.o [1]
AdvanceAntRxBufferCurrentChar
                        0x000819bd   0x28  Code  Lc  ant.o [1]
AdvanceAntRxBufferUnreadMsgPointer
                        0x000819e5   0x28  Code  Lc  ant.o [1]
AntAbortMessage         0x00081991   0x2c  Code  Lc  ant.o [1]
AntCalculateTxChecksum  0x00081e77   0x24  Code  Gb  ant.o [1]
AntDeQueueOutgoingMessage
                        0x0008224f   0x22  Code  Lc  ant.o [1]
AntExpectResponse       0x00081d35   0xe4  Code  Gb  ant.o [1]
AntInitialize           0x00081a0d  0x190  Code  Gb  ant.o [1]
AntProcessMessage       0x00081ea5  0x2a4  Code  Lc  ant.o [1]
AntQueueApplicationMessage
                        0x000821a9   0xa6  Code  Lc  ant.o [1]
AntRunActiveState       0x00081b9d    0xc  Code  Gb  ant.o [1]
AntRxFlowControlCallback
                        0x00081e31   0x46  Code  Gb  ant.o [1]
AntRxMessage            0x0008174d  0x244  Code  Lc  ant.o [1]
AntSM_Idle              0x00082295   0x96  Code  Gb  ant.o [1]
AntSM_NoResponse        0x0008249d    0x2  Code  Gb  ant.o [1]
AntSM_ReceiveMessage    0x00082331   0x18  Code  Gb  ant.o [1]
AntSM_TransmitMessage   0x00082355   0x76  Code  Gb  ant.o [1]
AntSrdyPulse            0x00081723   0x2a  Code  Lc  ant.o [1]
AntSyncSerialInitialize
                        0x0008163d   0xe6  Code  Lc  ant.o [1]
AntTick                 0x00082151   0x42  Code  Lc  ant.o [1]
AntTxFlowControlCallback
                        0x00081e19   0x16  Code  Gb  ant.o [1]
AntTxMessage            0x00081ba9  0x18c  Code  Gb  ant.o [1]
Ant_DebugProcessRxMessages
                        0x200019e8    0x4  Data  Lc  ant.o [1]
Ant_DebugRxMessageCounter
                        0x200019e0    0x4  Data  Lc  ant.o [1]
Ant_DebugTotalRxMessages
                        0x200019e4    0x4  Data  Lc  ant.o [1]
Ant_Ssp                 0x200019c8    0x4  Data  Lc  ant.o [1]
Ant_au8AntRxBuffer      0x200013e8  0x100  Data  Lc  ant.o [1]
Ant_pfnStateMachine     0x200019a8    0x4  Data  Lc  ant.o [1]
Ant_psDataOutgoingMsgList
                        0x200019dc    0x4  Data  Lc  ant.o [1]
Ant_pu8AntRxBufferCurrentChar
                        0x200019d0    0x4  Data  Lc  ant.o [1]
Ant_pu8AntRxBufferNextChar
                        0x200019cc    0x4  Data  Lc  ant.o [1]
Ant_pu8AntRxBufferUnreadMsg
                        0x200019d4    0x4  Data  Lc  ant.o [1]
Ant_sSspConfig          0x20001844   0x24  Data  Lc  ant.o [1]
Ant_u32ApplicationMessageCount
                        0x200019d8    0x4  Data  Lc  ant.o [1]
Ant_u32CurrentTxMessageToken
                        0x200019c4    0x4  Data  Lc  ant.o [1]
Ant_u32RxByteCounter    0x200019b8    0x4  Data  Lc  ant.o [1]
Ant_u32RxTimeoutCounter
                        0x200019bc    0x4  Data  Lc  ant.o [1]
Ant_u32RxTimer          0x200019ac    0x4  Data  Lc  ant.o [1]
Ant_u32TxByteCounter    0x200019b4    0x4  Data  Lc  ant.o [1]
Ant_u32TxTimer          0x200019b0    0x4  Data  Lc  ant.o [1]
Ant_u32UnexpectedByteCounter
                        0x200019c0    0x4  Data  Lc  ant.o [1]
Ant_u8AntNewRxMessages  0x20001ae9    0x1  Data  Lc  ant.o [1]
Ant_u8AntVersion        0x20001990    0xc  Data  Lc  ant.o [1]
Ant_u8SlaveMissedMessageHigh
                        0x20001aea    0x1  Data  Lc  ant.o [1]
Ant_u8SlaveMissedMessageLow
                        0x20001aec    0x1  Data  Lc  ant.o [1]
Ant_u8SlaveMissedMessageMid
                        0x20001aeb    0x1  Data  Lc  ant.o [1]
Bsp_u32TimingViolationsCounter
                        0x20001a44    0x4  Data  Lc  mpgl1-ehdw-03.o [1]
BusFault_Handler        0x000815c9    0x2  Code  Wk  exceptions.o [1]
ButtonAcknowledge       0x00084ddf    0x8  Code  Gb  buttons.o [1]
ButtonInitialize        0x00084de7   0xb0  Code  Gb  buttons.o [1]
ButtonRunActiveState    0x00084e97    0xa  Code  Gb  buttons.o [1]
ButtonSM_ButtonActive   0x00084ee9   0xfc  Code  Lc  buttons.o [1]
ButtonSM_Idle           0x00084ec9   0x20  Code  Lc  buttons.o [1]
Button_abNewPress       0x200019fc    0x4  Data  Lc  buttons.o [1]
Button_aeCurrentState   0x200019f4    0x4  Data  Lc  buttons.o [1]
Button_aeNewState       0x200019f8    0x4  Data  Lc  buttons.o [1]
Button_au32ButtonPins   0x00085cdc   0x10  Data  Lc  buttons.o [1]
Button_au32HoldTimeStart
                        0x20001964   0x10  Data  Lc  buttons.o [1]
Button_pfnStateMachine  0x200019f0    0x4  Data  Lc  buttons.o [1]
Buttons_asArray         0x200003b8    0x8  Data  Lc  buttons.o [1]
CSTACK$$Base            0x20001af8          --   Gb  - Linker created -
CSTACK$$Limit           0x20002af8          --   Gb  - Linker created -
ClockSetup              0x00084959   0x80  Code  Gb  mpgl1-ehdw-03.o [1]
DBGU_IrqHandler         0x00083b61   0x1e  Code  Gb  sam3u_uart.o [1]
DeQueueMessage          0x000836fb   0x56  Code  Gb  messaging.o [1]
DebugCommandDummy       0x00082893   0x1a  Code  Lc  debug.o [1]
DebugCommandLedTestToggle
                        0x000828ad   0xb6  Code  Lc  debug.o [1]
DebugCommandPrepareList
                        0x000827f5   0x9e  Code  Lc  debug.o [1]
DebugCommandSysTimeToggle
                        0x000829c9   0x48  Code  Lc  debug.o [1]
DebugInitialize         0x00082705   0xbc  Code  Gb  debug.o [1]
DebugLedTestCharacter   0x00082963   0x66  Code  Lc  debug.o [1]
DebugLineFeed           0x000825c5   0x1c  Code  Gb  debug.o [1]
DebugMon_Handler        0x000815cf    0x2  Code  Wk  exceptions.o [1]
DebugPrintNumber        0x000825e1   0xb0  Code  Gb  debug.o [1]
DebugPrintf             0x000825a1   0x24  Code  Gb  debug.o [1]
DebugRunActiveState     0x000827c1    0xc  Code  Gb  debug.o [1]
DebugRxCallback         0x000827cd   0x28  Code  Gb  debug.o [1]
DebugSM_CheckCmd        0x00082b69   0xb2  Code  Lc  debug.o [1]
DebugSM_Error           0x00082c35   0x34  Code  Lc  debug.o [1]
DebugSM_Idle            0x00082a11  0x158  Code  Lc  debug.o [1]
DebugSM_ProcessCmd      0x00082c1d   0x18  Code  Lc  debug.o [1]
Debug_Uart              0x20001a08    0x4  Data  Lc  debug.o [1]
Debug_au8CommandBuffer  0x20001768   0x40  Data  Lc  debug.o [1]
Debug_au8Commands       0x20000144   0x40  Data  Gb  debug.o [1]
Debug_au8RxBuffer       0x20001668   0x80  Data  Lc  debug.o [1]
Debug_au8StartupMsg     0x200000c0   0x44  Data  Lc  debug.o [1]
Debug_pfnStateMachine   0x20001a04    0x4  Data  Lc  debug.o [1]
Debug_pu8CmdBufferNextChar
                        0x20001a18    0x4  Data  Lc  debug.o [1]
Debug_pu8RxBufferNextChar
                        0x20001a10    0x4  Data  Lc  debug.o [1]
Debug_pu8RxBufferParser
                        0x20001a14    0x4  Data  Lc  debug.o [1]
Debug_u16CommandSize    0x20001ae4    0x2  Data  Lc  debug.o [1]
Debug_u32CurrentMessageToken
                        0x20001a0c    0x4  Data  Lc  debug.o [1]
Debug_u8Command         0x20001aef    0x1  Data  Lc  debug.o [1]
Debug_u8ErrorCode       0x20001aee    0x1  Data  Lc  debug.o [1]
EFC0_IrqHandler         0x000815df    0x2  Code  Wk  exceptions.o [1]
EFC1_IrqHandler         0x000815e1    0x2  Code  Wk  exceptions.o [1]
G_abButtonDebounceActive
                        0x200019ec    0x4  Data  Gb  buttons.o [1]
G_au32ButtonDebounceTimeStart
                        0x20001954   0x10  Data  Gb  buttons.o [1]
G_au8AntMessageAssign   0x20000334   0x14  Data  Gb  ant.o [1]
G_au8AntMessageClose    0x20000348   0x14  Data  Gb  ant.o [1]
G_au8AntMessageFail     0x200003b0    0x8  Data  Gb  ant.o [1]
G_au8AntMessageInit     0x200002bc   0x18  Data  Gb  ant.o [1]
G_au8AntMessageInitFail
                        0x20000208   0x20  Data  Gb  ant.o [1]
G_au8AntMessageNoAnt    0x20000104   0x40  Data  Gb  ant.o [1]
G_au8AntMessageOk       0x200003a8    0x8  Data  Gb  ant.o [1]
G_au8AntMessageOpen     0x2000035c   0x14  Data  Gb  ant.o [1]
G_au8AntMessageUnassign
                        0x200002a4   0x18  Data  Gb  ant.o [1]
G_au8AntMessageUnhandled
                        0x20000288   0x1c  Data  Gb  ant.o [1]
G_au8DebugScanfBuffer   0x200015e8   0x80  Data  Gb  debug.o [1]
G_au8MessageOFF         0x200003d0    0x8  Data  Gb  utilities.o [1]
G_au8MessageON          0x200003c8    0x8  Data  Gb  utilities.o [1]
G_sAntApplicationMsgList
                        0x200019a4    0x4  Data  Gb  ant.o [1]
G_stAntSetupData        0x20001984    0xc  Data  Gb  ant.o [1]
G_u32AntFlags           0x200019a0    0x4  Data  Gb  ant.o [1]
G_u32ApplicationFlags   0x20001a28    0x4  Data  Gb  main.o [1]
G_u32DebugFlags         0x20001a00    0x4  Data  Gb  debug.o [1]
G_u32MessagingFlags     0x20001a2c    0x4  Data  Gb  messaging.o [1]
G_u32Ssp1ApplicationFlags
                        0x20001a64    0x4  Data  Gb  sam3u_ssp.o [1]
G_u32Ssp2ApplicationFlags
                        0x20001a68    0x4  Data  Gb  sam3u_ssp.o [1]
G_u32SystemFlags        0x20001a24    0x4  Data  Gb  main.o [1]
G_u32SystemTime1ms      0x20001a3c    0x4  Data  Gb  mpgl1-ehdw-03.o [1]
G_u32SystemTime1s       0x20001a40    0x4  Data  Gb  mpgl1-ehdw-03.o [1]
G_u32Uart0ApplicationFlags
                        0x20001a94    0x4  Data  Gb  sam3u_uart.o [1]
G_u32UartApplicationFlags
                        0x20001a90    0x4  Data  Gb  sam3u_uart.o [1]
G_u8DebugScanfCharCount
                        0x20001aed    0x1  Data  Gb  debug.o [1]
GetButtonBitLocation    0x00084ea1   0x26  Code  Gb  buttons.o [1]
GpioSetup               0x00084a83   0xea  Code  Gb  mpgl1-ehdw-03.o [1]
HDMA_IrqHandler         0x000815f9    0x2  Code  Wk  exceptions.o [1]
HEAP$$Base              0x20080000          --   Gb  - Linker created -
HEAP$$Limit             0x20084000          --   Gb  - Linker created -
HSMC4_IrqHandler        0x000815e3    0x2  Code  Wk  exceptions.o [1]
HardFault_Handler       0x000850ab   0x34  Code  Gb  interrupts.o [1]
InterruptSetup          0x00085061   0x4a  Code  Gb  interrupts.o [1]
IrqHandlerNotUsed       0x000815c3    0x2  Code  Gb  exceptions.o [1]
IsTimeUp                0x000824cd   0x38  Code  Gb  utilities.o [1]
LCDClearChars           0x0008525f   0x3a  Code  Gb  lcd_nhd-c0220biz.o [1]
LCDCommand              0x000851fd   0x2a  Code  Gb  lcd_nhd-c0220biz.o [1]
LCDMessage              0x00085227   0x38  Code  Gb  lcd_nhd-c0220biz.o [1]
LcdInitialize           0x00085299   0xb2  Code  Gb  lcd_nhd-c0220biz.o [1]
LcdRunActiveState       0x0008534b    0xa  Code  Gb  lcd_nhd-c0220biz.o [1]
LcdSM_Idle              0x00085385    0x2  Code  Gb  lcd_nhd-c0220biz.o [1]
Lcd_StateMachine        0x20001a1c    0x4  Data  Lc  lcd_nhd-c0220biz.o [1]
Lcd_display             0x000857ad   0x82  Code  Gb  user_app1.o [1]
Lcd_u32Timer            0x20001a20    0x4  Data  Lc  lcd_nhd-c0220biz.o [1]
LedInitialize           0x00083eb5   0xc8  Code  Gb  leds.o [1]
LedOff                  0x00083e3b   0x58  Code  Gb  leds.o [1]
LedOn                   0x00083ddd   0x5e  Code  Gb  leds.o [1]
LedToggle               0x00083e93   0x22  Code  Gb  leds.o [1]
LedUpdate               0x00083f7d  0x162  Code  Gb  leds.o [1]
Led_au32BitPositions    0x200001dc   0x2c  Data  Lc  leds.o [1]
Leds_asLedArray         0x20000000   0x70  Data  Lc  leds.o [1]
MCI0_IrqHandler         0x000815e9    0x2  Code  Wk  exceptions.o [1]
MemManage_Handler       0x000815c7    0x2  Code  Wk  exceptions.o [1]
MessagingIdle           0x0008381d   0x1c  Code  Gb  messaging.o [1]
MessagingInitialize     0x00083751   0x72  Code  Gb  messaging.o [1]
MessagingRunActiveState
                        0x000837c3    0xa  Code  Gb  messaging.o [1]
Messaging_pfnStateMachine
                        0x20001a30    0x4  Data  Lc  messaging.o [1]
Msg_Pool                0x200003ec  0x900  Data  Lc  messaging.o [1]
Msg_StatusQueue         0x20000cec  0x300  Data  Lc  messaging.o [1]
Msg_pNextStatus         0x20001a38    0x4  Data  Lc  messaging.o [1]
Msg_u32Token            0x20001a34    0x4  Data  Lc  messaging.o [1]
Msg_u8QueuedMessageCount
                        0x20001af0    0x1  Data  Lc  messaging.o [1]
NMI_Handler             0x000815c5    0x2  Code  Wk  exceptions.o [1]
NVIC_ClearPendingIRQ    0x0008539d   0x14  Code  Lc  adc12.o [1]
NVIC_ClearPendingIRQ    0x00084db9   0x14  Code  Lc  buttons.o [1]
NVIC_ClearPendingIRQ    0x0008504d   0x14  Code  Lc  interrupts.o [1]
NVIC_ClearPendingIRQ    0x0008417f   0x16  Code  Lc  sam3u_i2c.o [1]
NVIC_ClearPendingIRQ    0x00082d0f   0x16  Code  Lc  sam3u_ssp.o [1]
NVIC_ClearPendingIRQ    0x0008387b   0x16  Code  Lc  sam3u_uart.o [1]
NVIC_ClearPendingIRQ    0x000854e1   0x14  Code  Lc  timer.o [1]
NVIC_DisableIRQ         0x00085039   0x14  Code  Lc  interrupts.o [1]
NVIC_EnableIRQ          0x00085389   0x14  Code  Lc  adc12.o [1]
NVIC_EnableIRQ          0x00084da5   0x14  Code  Lc  buttons.o [1]
NVIC_EnableIRQ          0x00084169   0x16  Code  Lc  sam3u_i2c.o [1]
NVIC_EnableIRQ          0x00082cf9   0x16  Code  Lc  sam3u_ssp.o [1]
NVIC_EnableIRQ          0x00083865   0x16  Code  Lc  sam3u_uart.o [1]
NVIC_EnableIRQ          0x000854cd   0x14  Code  Lc  timer.o [1]
PIOA_IrqHandler         0x0008511b   0x54  Code  Gb  interrupts.o [1]
PIOB_IrqHandler         0x0008516f   0x56  Code  Gb  interrupts.o [1]
PIOC_IrqHandler         0x000815e5    0x2  Code  Wk  exceptions.o [1]
PMC_IrqHandler          0x000815dd    0x2  Code  Wk  exceptions.o [1]
PWMAudioOff             0x00084c1f    0x6  Code  Gb  mpgl1-ehdw-03.o [1]
PWMAudioSetFrequency    0x00084bc9   0x56  Code  Gb  mpgl1-ehdw-03.o [1]
PWMSetupAudio           0x00084b6d   0x5c  Code  Gb  mpgl1-ehdw-03.o [1]
PWM_IrqHandler          0x000815f5    0x2  Code  Wk  exceptions.o [1]
PendSV_Handler          0x000815d1    0x2  Code  Wk  exceptions.o [1]
QueryMessageStatus      0x000835c9   0x38  Code  Gb  messaging.o [1]
QueueMessage            0x00083601   0xfa  Code  Gb  messaging.o [1]
RSTC_IrqHandler         0x000815d5    0x2  Code  Wk  exceptions.o [1]
RTC_IrqHandler          0x000815d7    0x2  Code  Wk  exceptions.o [1]
RTT_IrqHandler          0x000815d9    0x2  Code  Wk  exceptions.o [1]
Region$$Table$$Base     0x00085b08          --   Gb  - Linker created -
Region$$Table$$Limit    0x00085b2c          --   Gb  - Linker created -
SD_Ssp                  0x20001abc    0x4  Data  Lc  sdcard.o [1]
SD_au8RxBuffer          0x20000fec  0x224  Data  Lc  sdcard.o [1]
SD_pfnStateMachine      0x20001ab8    0x4  Data  Lc  sdcard.o [1]
SD_pu8RxBufferNextByte  0x20001ac0    0x4  Data  Lc  sdcard.o [1]
SD_pu8RxBufferParser    0x20001ac4    0x4  Data  Lc  sdcard.o [1]
SD_sSspConfig           0x200018f8   0x24  Data  Lc  sdcard.o [1]
SPI0_IrqHandler         0x000815ed    0x2  Code  Wk  exceptions.o [1]
SSC0_IrqHandler         0x000815ef    0x2  Code  Wk  exceptions.o [1]
SSP_Peripheral0         0x200017a8   0x34  Data  Lc  sam3u_ssp.o [1]
SSP_Peripheral1         0x200017dc   0x34  Data  Lc  sam3u_ssp.o [1]
SSP_Peripheral2         0x20001810   0x34  Data  Lc  sam3u_ssp.o [1]
SSP_au8Dummies          0x200016e8   0x80  Data  Lc  sam3u_ssp.o [1]
SSP_psCurrentISR        0x20001a7c    0x4  Data  Lc  sam3u_ssp.o [1]
SSP_psCurrentSsp        0x20001a78    0x4  Data  Lc  sam3u_ssp.o [1]
SSP_pu32SspApplicationFlagsISR
                        0x20001a80    0x4  Data  Lc  sam3u_ssp.o [1]
SSP_u32AntCounter       0x20001a8c    0x4  Data  Lc  sam3u_ssp.o [1]
SSP_u32Flags            0x20001a74    0x4  Data  Lc  sam3u_ssp.o [1]
SSP_u32Int1Count        0x20001a84    0x4  Data  Lc  sam3u_ssp.o [1]
SSP_u32Int2Count        0x20001a88    0x4  Data  Lc  sam3u_ssp.o [1]
SSP_u32Timer            0x20001a70    0x4  Data  Lc  sam3u_ssp.o [1]
SUPC_IrqHandler         0x000815d3    0x2  Code  Wk  exceptions.o [1]
SVC_Handler             0x000815cd    0x2  Code  Wk  exceptions.o [1]
SdCardInitialize        0x000856a9   0x8c  Code  Gb  sdcard.o [1]
SdCardRunActiveState    0x00085735    0xa  Code  Gb  sdcard.o [1]
SdIdleNoCard            0x00085741    0x2  Code  Lc  sdcard.o [1]
SspGenericHandler       0x00083043  0x352  Code  Gb  sam3u_ssp.o [1]
SspInitialize           0x00082e9d   0xfe  Code  Gb  sam3u_ssp.o [1]
SspManualMode           0x00082fa7   0x48  Code  Gb  sam3u_ssp.o [1]
SspRequest              0x00082d25  0x148  Code  Gb  sam3u_ssp.o [1]
SspRunActiveState       0x00082f9b    0xc  Code  Gb  sam3u_ssp.o [1]
SspSM_Idle              0x00083395  0x1c0  Code  Gb  sam3u_ssp.o [1]
SspWriteData            0x00082e6d   0x30  Code  Gb  sam3u_ssp.o [1]
Ssp_pfnStateMachine     0x20001a6c    0x4  Data  Lc  sam3u_ssp.o [1]
SysTickSetup            0x000849d9   0x22  Code  Gb  mpgl1-ehdw-03.o [1]
SysTick_Handler         0x000850df   0x3c  Code  Gb  interrupts.o [1]
SystemSleep             0x000849fb   0x7a  Code  Gb  mpgl1-ehdw-03.o [1]
SystemStatusReport      0x00082691   0x74  Code  Gb  debug.o [1]
TC0_IrqHandler          0x000815f1    0x2  Code  Wk  exceptions.o [1]
TC1_IrqHandler          0x00085561   0x24  Code  Gb  timer.o [1]
TC2_IrqHandler          0x000815f3    0x2  Code  Wk  exceptions.o [1]
TWI0                    0x20001a58    0x4  Data  Lc  sam3u_i2c.o [1]
TWI0FillTxBuffer        0x00084453   0x96  Code  Lc  sam3u_i2c.o [1]
TWI0WriteByte           0x00084195   0xd6  Code  Gb  sam3u_i2c.o [1]
TWI0WriteData           0x0008426b   0xda  Code  Gb  sam3u_i2c.o [1]
TWI0_IrqHandler         0x00084527   0xb8  Code  Gb  sam3u_i2c.o [1]
TWI1_IrqHandler         0x000815eb    0x2  Code  Wk  exceptions.o [1]
TWIInitialize           0x00084345  0x102  Code  Gb  sam3u_i2c.o [1]
TWIManualMode           0x000844e9   0x3e  Code  Lc  sam3u_i2c.o [1]
TWIRunActiveState       0x00084447    0xc  Code  Gb  sam3u_i2c.o [1]
TWISM_Error             0x00084871   0x94  Code  Gb  sam3u_i2c.o [1]
TWISM_Idle              0x000845e1  0x142  Code  Gb  sam3u_i2c.o [1]
TWISM_Receiving         0x000847f9   0x78  Code  Gb  sam3u_i2c.o [1]
TWISM_Transmitting      0x00084725   0xd2  Code  Gb  sam3u_i2c.o [1]
TWI_MessageBuffer       0x200014e8  0x100  Data  Lc  sam3u_i2c.o [1]
TWI_MessageBufferCurIndex
                        0x20001af2    0x1  Data  Lc  sam3u_i2c.o [1]
TWI_MessageBufferNextIndex
                        0x20001af1    0x1  Data  Lc  sam3u_i2c.o [1]
TWI_MessageQueueLength  0x20001af3    0x1  Data  Lc  sam3u_i2c.o [1]
TWI_Peripheral0         0x20001974   0x10  Data  Lc  sam3u_i2c.o [1]
TWI_StateMachine        0x20001a4c    0x4  Data  Lc  sam3u_i2c.o [1]
TWI_pu8CurrentTxData    0x20001a60    0x4  Data  Lc  sam3u_i2c.o [1]
TWI_u32CurrentBytesRemaining
                        0x20001a5c    0x4  Data  Lc  sam3u_i2c.o [1]
TWI_u32Flags            0x20001a54    0x4  Data  Lc  sam3u_i2c.o [1]
TWI_u32Timer            0x20001a50    0x4  Data  Lc  sam3u_i2c.o [1]
TimerDefaultCallback    0x00085387    0x2  Code  Gb  timer.o [1]
TimerInitialize         0x000854f5   0x62  Code  Gb  timer.o [1]
TimerRunActiveState     0x00085557    0xa  Code  Gb  timer.o [1]
TimerSM_Idle            0x000855c9    0x2  Code  Lc  timer.o [1]
Timer_StateMachine      0x20001ac8    0x4  Data  Lc  timer.o [1]
Timer_u32Timer1Counter  0x20001ad0    0x4  Data  Lc  timer.o [1]
UART_Peripheral         0x20001868   0x24  Data  Lc  sam3u_uart.o [1]
UART_Peripheral0        0x2000188c   0x24  Data  Lc  sam3u_uart.o [1]
UART_Peripheral1        0x200018b0   0x24  Data  Lc  sam3u_uart.o [1]
UART_Peripheral2        0x200018d4   0x24  Data  Lc  sam3u_uart.o [1]
UART_psCurrentISR       0x20001aa8    0x4  Data  Lc  sam3u_uart.o [1]
UART_psCurrentUart      0x20001aa4    0x4  Data  Lc  sam3u_uart.o [1]
UART_pu32ApplicationFlagsISR
                        0x20001aac    0x4  Data  Lc  sam3u_uart.o [1]
UART_u32Flags           0x20001aa0    0x4  Data  Lc  sam3u_uart.o [1]
UART_u32Int0Count       0x20001ab4    0x4  Data  Lc  sam3u_uart.o [1]
UART_u32IntCount        0x20001ab0    0x4  Data  Lc  sam3u_uart.o [1]
UART_u32Timer           0x20001a9c    0x4  Data  Lc  sam3u_uart.o [1]
UART_u8ActiveUarts      0x20001af4    0x1  Data  Lc  sam3u_uart.o [1]
UDPD_IrqHandler         0x000815fb    0x2  Code  Wk  exceptions.o [1]
USART0_IrqHandler       0x00083b7f   0x1e  Code  Gb  sam3u_uart.o [1]
USART1_IrqHandler       0x00082fef   0x2a  Code  Gb  sam3u_ssp.o [1]
USART2_IrqHandler       0x00083019   0x2a  Code  Gb  sam3u_ssp.o [1]
USART3_IrqHandler       0x000815e7    0x2  Code  Wk  exceptions.o [1]
UartGenericHandler      0x00083b9d   0xf4  Code  Gb  sam3u_uart.o [1]
UartInitialize          0x00083a25   0xfc  Code  Gb  sam3u_uart.o [1]
UartManualMode          0x00083b2b   0x36  Code  Lc  sam3u_uart.o [1]
UartRequest             0x00083891  0x138  Code  Gb  sam3u_uart.o [1]
UartRunActiveState      0x00083b21    0xa  Code  Gb  sam3u_uart.o [1]
UartSM_Idle             0x00083c95   0xd8  Code  Gb  sam3u_uart.o [1]
UartWriteByte           0x000839c9   0x30  Code  Gb  sam3u_uart.o [1]
UartWriteData           0x000839f9   0x2c  Code  Gb  sam3u_uart.o [1]
Uart_pfnStateMachine    0x20001a98    0x4  Data  Lc  sam3u_uart.o [1]
UpdateMessageStatus     0x000837cd   0x1c  Code  Gb  messaging.o [1]
UsageFault_Handler      0x000815cb    0x2  Code  Wk  exceptions.o [1]
UserApp1Initialize      0x00085769   0x36  Code  Gb  user_app1.o [1]
UserApp1RunActiveState  0x0008579f    0xc  Code  Gb  user_app1.o [1]
UserApp1_StateMachine   0x20001ad4    0x4  Data  Lc  user_app1.o [1]
UserApp2Initialize      0x00085845    0xa  Code  Gb  user_app2.o [1]
UserApp2RunActiveState  0x0008584f    0xa  Code  Gb  user_app2.o [1]
UserApp2SM_Idle         0x0008585d    0x2  Code  Lc  user_app2.o [1]
UserApp2_StateMachine   0x20001ad8    0x4  Data  Lc  user_app2.o [1]
UserApp3Initialize      0x00085861    0xa  Code  Gb  user_app3.o [1]
UserApp3RunActiveState  0x0008586b    0xa  Code  Gb  user_app3.o [1]
UserApp3SM_Idle         0x00085879    0x2  Code  Lc  user_app3.o [1]
UserApp3_StateMachine   0x20001adc    0x4  Data  Lc  user_app3.o [1]
WDT_IrqHandler          0x000815db    0x2  Code  Wk  exceptions.o [1]
WasButtonPressed        0x00084dcd   0x12  Code  Gb  buttons.o [1]
WatchDogSetup           0x00084a75    0xe  Code  Gb  mpgl1-ehdw-03.o [1]
__ICFEDIT_intvec_start__ {Abs}
                        0x00080000          --   Gb  command line/config [2]
__aeabi_memset          0x00084101         Code  Gb  ABImemset.o [4]
__as_entries_start      0xffffffff          --   Gb  command line/config [2]
__as_table_start        0xffffffff          --   Gb  command line/config [2]
__cmain                 0x00085bc1         Code  Gb  cmain.o [4]
__data_GetMemChunk      0x000815fd   0x2c  Code  Gb  xgetmemchunk.o [3]
__exit                  0x00081629   0x14  Code  Gb  exit.o [5]
__iar_Memset            0x00084101         Code  Gb  ABImemset.o [4]
__iar_Memset_word       0x00084109         Code  Gb  ABImemset.o [4]
__iar_copy_init3        0x0008249f   0x2e  Code  Gb  copy_init3.o [4]
__iar_data_init3        0x00085979   0x28  Code  Gb  data_init.o [4]
__iar_dlfree            0x000810a5  0x510  Code  Gb  dlmalloc.o [3]
__iar_dlmalloc          0x00080def  0x2aa  Code  Gb  dlmalloc.o [3]
__iar_gm_               0x20001210  0x1d8  Data  Gb  dlmalloc.o [3]
__iar_program_start     0x00085d15         Code  Gb  cstartup_M.o [4]
__iar_unaligned___aeabi_memcpy
                        0x00082509         Code  Gb  ABImemcpy_unaligned.o [4]
__iar_unaligned___aeabi_memcpy4
                        0x00082529         Code  Gb  ABImemcpy_unaligned.o [4]
__iar_unaligned___aeabi_memcpy8
                        0x00082529         Code  Gb  ABImemcpy_unaligned.o [4]
__iar_zero_init3        0x0008257f   0x22  Code  Gb  zero_init3.o [4]
__low_level_init        0x00085bdd   0x14  Code  Gb  board_cstartup_iar.o [1]
__vector_table          0x00080000   0xbc  Data  Gb  board_cstartup_iar.o [1]
_call_main              0x00085bcd         Code  Gb  cmain.o [4]
_exit                   0x00085bf5         Code  Gb  cexit.o [4]
_main                   0x00085bd7         Code  Gb  cmain.o [4]
abort                   0x000815bd    0x6  Code  Gb  abort.o [3]
exit                    0x00085bf1    0x4  Code  Gb  exit.o [3]
fpTimer1Callback        0x20001acc    0x4  Data  Lc  timer.o [1]
init_mparams            0x000800d7   0x32  Code  Lc  dlmalloc.o [3]
init_top                0x00080109   0x34  Code  Lc  dlmalloc.o [3]
main                    0x000855cd   0xdc  Code  Gb  main.o [1]
mparams                 0x2000193c   0x18  Data  Lc  dlmalloc.o [3]
prepend_alloc           0x0008013d  0x36e  Code  Lc  dlmalloc.o [3]
segment_holding         0x000800bd   0x1a  Code  Lc  dlmalloc.o [3]
strlen                  0x0008587d         Code  Gb  strlen.o [4]
sys_alloc               0x000804ab  0x38c  Code  Lc  dlmalloc.o [3]
tmalloc_large           0x00080845  0x39a  Code  Lc  dlmalloc.o [3]
tmalloc_small           0x00080bdf  0x210  Code  Lc  dlmalloc.o [3]


[1] = D:\Documents\GitHub\5-5eie\5_course\firmware_mpgl1\iar_7_20_1\Debug\Obj
[2] = command line
[3] = dl7M_tln.a
[4] = rt7M_tl.a
[5] = shb_l.a

  22 630 bytes of readonly  code memory
   2 230 bytes of readonly  data memory
  27 380 bytes of readwrite data memory

Errors: none
Warnings: none
